{"@t":"2026-04-13T06:05:42.5305531Z","@mt":"User profile is available. Using '{FullName}' as key repository and Windows DPAPI to encrypt keys at rest.","FullName":"C:\\Users\\Karan\\AppData\\Local\\ASP.NET\\DataProtection-Keys","EventId":{"Id":63,"Name":"UsingProfileAsKeyRepositoryWithDPAPI"},"SourceContext":"Microsoft.AspNetCore.DataProtection.KeyManagement.XmlKeyManager"}
{"@t":"2026-04-13T06:05:54.6280777Z","@mt":"Now listening on: {address}","address":"http://localhost:5006","EventId":{"Id":14,"Name":"ListeningOnAddress"},"SourceContext":"Microsoft.Hosting.Lifetime"}
{"@t":"2026-04-13T06:06:00.4532064Z","@mt":"Application started. Press Ctrl+C to shut down.","SourceContext":"Microsoft.Hosting.Lifetime"}
{"@t":"2026-04-13T06:06:00.4622479Z","@mt":"Hosting environment: {EnvName}","EnvName":"Development","SourceContext":"Microsoft.Hosting.Lifetime"}
{"@t":"2026-04-13T06:06:00.4723400Z","@mt":"Content root path: {ContentRoot}","ContentRoot":"C:\\Users\\Karan\\Desktop\\Jop Portal\\JobPortalSystem\\AdminService","SourceContext":"Microsoft.Hosting.Lifetime"}
{"@t":"2026-04-13T07:12:19.0384708Z","@mt":"User profile is available. Using '{FullName}' as key repository and Windows DPAPI to encrypt keys at rest.","FullName":"C:\\Users\\Karan\\AppData\\Local\\ASP.NET\\DataProtection-Keys","EventId":{"Id":63,"Name":"UsingProfileAsKeyRepositoryWithDPAPI"},"SourceContext":"Microsoft.AspNetCore.DataProtection.KeyManagement.XmlKeyManager"}
{"@t":"2026-04-13T07:12:20.0600327Z","@mt":"Now listening on: {address}","address":"http://localhost:5006","EventId":{"Id":14,"Name":"ListeningOnAddress"},"SourceContext":"Microsoft.Hosting.Lifetime"}
{"@t":"2026-04-13T07:12:20.3473962Z","@mt":"Application started. Press Ctrl+C to shut down.","SourceContext":"Microsoft.Hosting.Lifetime"}
{"@t":"2026-04-13T07:12:20.3670925Z","@mt":"Hosting environment: {EnvName}","EnvName":"Development","SourceContext":"Microsoft.Hosting.Lifetime"}
{"@t":"2026-04-13T07:12:20.3953046Z","@mt":"Content root path: {ContentRoot}","ContentRoot":"C:\\Users\\Karan\\Desktop\\Jop Portal\\JobPortalSystem\\AdminService","SourceContext":"Microsoft.Hosting.Lifetime"}
{"@t":"2026-04-13T07:14:17.8192082Z","@mt":"User profile is available. Using '{FullName}' as key repository and Windows DPAPI to encrypt keys at rest.","FullName":"C:\\Users\\Karan\\AppData\\Local\\ASP.NET\\DataProtection-Keys","EventId":{"Id":63,"Name":"UsingProfileAsKeyRepositoryWithDPAPI"},"SourceContext":"Microsoft.AspNetCore.DataProtection.KeyManagement.XmlKeyManager"}
{"@t":"2026-04-13T07:14:19.7052656Z","@mt":"Now listening on: {address}","address":"http://localhost:5006","EventId":{"Id":14,"Name":"ListeningOnAddress"},"SourceContext":"Microsoft.Hosting.Lifetime"}
{"@t":"2026-04-13T07:14:20.1804185Z","@mt":"Application started. Press Ctrl+C to shut down.","SourceContext":"Microsoft.Hosting.Lifetime"}
{"@t":"2026-04-13T07:14:20.1972410Z","@mt":"Hosting environment: {EnvName}","EnvName":"Development","SourceContext":"Microsoft.Hosting.Lifetime"}
{"@t":"2026-04-13T07:14:20.2194847Z","@mt":"Content root path: {ContentRoot}","ContentRoot":"C:\\Users\\Karan\\Desktop\\Jop Portal\\JobPortalSystem\\AdminService","SourceContext":"Microsoft.Hosting.Lifetime"}
{"@t":"2026-04-13T17:58:51.9626852Z","@mt":"User profile is available. Using '{FullName}' as key repository and Windows DPAPI to encrypt keys at rest.","FullName":"C:\\Users\\Karan\\AppData\\Local\\ASP.NET\\DataProtection-Keys","EventId":{"Id":63,"Name":"UsingProfileAsKeyRepositoryWithDPAPI"},"SourceContext":"Microsoft.AspNetCore.DataProtection.KeyManagement.XmlKeyManager"}
{"@t":"2026-04-13T17:58:52.9073824Z","@mt":"Now listening on: {address}","address":"http://localhost:5006","EventId":{"Id":14,"Name":"ListeningOnAddress"},"SourceContext":"Microsoft.Hosting.Lifetime"}
{"@t":"2026-04-13T17:58:53.1261893Z","@mt":"Application started. Press Ctrl+C to shut down.","SourceContext":"Microsoft.Hosting.Lifetime"}
{"@t":"2026-04-13T17:58:53.1604602Z","@mt":"Hosting environment: {EnvName}","EnvName":"Development","SourceContext":"Microsoft.Hosting.Lifetime"}
{"@t":"2026-04-13T17:58:53.2484107Z","@mt":"Content root path: {ContentRoot}","ContentRoot":"C:\\Users\\Karan\\Desktop\\Jop Portal\\JobPortalSystem\\AdminService","SourceContext":"Microsoft.Hosting.Lifetime"}
{"@t":"2026-04-13T18:12:39.4001955Z","@mt":"User profile is available. Using '{FullName}' as key repository and Windows DPAPI to encrypt keys at rest.","FullName":"C:\\Users\\Karan\\AppData\\Local\\ASP.NET\\DataProtection-Keys","EventId":{"Id":63,"Name":"UsingProfileAsKeyRepositoryWithDPAPI"},"SourceContext":"Microsoft.AspNetCore.DataProtection.KeyManagement.XmlKeyManager"}
{"@t":"2026-04-13T18:12:40.0367795Z","@mt":"Now listening on: {address}","address":"http://localhost:5006","EventId":{"Id":14,"Name":"ListeningOnAddress"},"SourceContext":"Microsoft.Hosting.Lifetime"}
{"@t":"2026-04-13T18:12:41.2528181Z","@mt":"Application started. Press Ctrl+C to shut down.","SourceContext":"Microsoft.Hosting.Lifetime"}
{"@t":"2026-04-13T18:12:41.2568035Z","@mt":"Hosting environment: {EnvName}","EnvName":"Development","SourceContext":"Microsoft.Hosting.Lifetime"}
{"@t":"2026-04-13T18:12:41.2613667Z","@mt":"Content root path: {ContentRoot}","ContentRoot":"C:\\Users\\Karan\\Desktop\\Jop Portal\\JobPortalSystem\\AdminService","SourceContext":"Microsoft.Hosting.Lifetime"}
{"@t":"2026-04-13T18:16:25.5347780Z","@mt":"User profile is available. Using '{FullName}' as key repository and Windows DPAPI to encrypt keys at rest.","FullName":"C:\\Users\\Karan\\AppData\\Local\\ASP.NET\\DataProtection-Keys","EventId":{"Id":63,"Name":"UsingProfileAsKeyRepositoryWithDPAPI"},"SourceContext":"Microsoft.AspNetCore.DataProtection.KeyManagement.XmlKeyManager"}
{"@t":"2026-04-13T18:16:26.5325278Z","@mt":"Now listening on: {address}","address":"http://localhost:5006","EventId":{"Id":14,"Name":"ListeningOnAddress"},"SourceContext":"Microsoft.Hosting.Lifetime"}
{"@t":"2026-04-13T18:16:27.5154158Z","@mt":"Application started. Press Ctrl+C to shut down.","SourceContext":"Microsoft.Hosting.Lifetime"}
{"@t":"2026-04-13T18:16:27.5191504Z","@mt":"Hosting environment: {EnvName}","EnvName":"Development","SourceContext":"Microsoft.Hosting.Lifetime"}
{"@t":"2026-04-13T18:16:27.5214827Z","@mt":"Content root path: {ContentRoot}","ContentRoot":"C:\\Users\\Karan\\Desktop\\Jop Portal\\JobPortalSystem\\AdminService","SourceContext":"Microsoft.Hosting.Lifetime"}
{"@t":"2026-04-13T18:23:15.8210778Z","@mt":"User profile is available. Using '{FullName}' as key repository and Windows DPAPI to encrypt keys at rest.","FullName":"C:\\Users\\Karan\\AppData\\Local\\ASP.NET\\DataProtection-Keys","EventId":{"Id":63,"Name":"UsingProfileAsKeyRepositoryWithDPAPI"},"SourceContext":"Microsoft.AspNetCore.DataProtection.KeyManagement.XmlKeyManager"}
{"@t":"2026-04-13T18:23:16.4889333Z","@mt":"Now listening on: {address}","address":"http://localhost:5006","EventId":{"Id":14,"Name":"ListeningOnAddress"},"SourceContext":"Microsoft.Hosting.Lifetime"}
{"@t":"2026-04-13T18:23:16.7368124Z","@mt":"Application started. Press Ctrl+C to shut down.","SourceContext":"Microsoft.Hosting.Lifetime"}
{"@t":"2026-04-13T18:23:16.7381457Z","@mt":"Hosting environment: {EnvName}","EnvName":"Development","SourceContext":"Microsoft.Hosting.Lifetime"}
{"@t":"2026-04-13T18:23:16.7427105Z","@mt":"Content root path: {ContentRoot}","ContentRoot":"C:\\Users\\Karan\\Desktop\\Jop Portal\\JobPortalSystem\\AdminService","SourceContext":"Microsoft.Hosting.Lifetime"}
