{"@t":"2026-04-01T04:13:00.3511780Z","@mt":"User profile is available. Using '{FullName}' as key repository and Windows DPAPI to encrypt keys at rest.","FullName":"C:\\Users\\Karan\\AppData\\Local\\ASP.NET\\DataProtection-Keys","EventId":{"Id":63,"Name":"UsingProfileAsKeyRepositoryWithDPAPI"},"SourceContext":"Microsoft.AspNetCore.DataProtection.KeyManagement.XmlKeyManager"}
{"@t":"2026-04-01T04:13:00.6394661Z","@mt":"Now listening on: {address}","address":"http://localhost:5006","EventId":{"Id":14,"Name":"ListeningOnAddress"},"SourceContext":"Microsoft.Hosting.Lifetime"}
{"@t":"2026-04-01T04:13:00.8879769Z","@mt":"Application started. Press Ctrl+C to shut down.","SourceContext":"Microsoft.Hosting.Lifetime"}
{"@t":"2026-04-01T04:13:00.8889976Z","@mt":"Hosting environment: {EnvName}","EnvName":"Development","SourceContext":"Microsoft.Hosting.Lifetime"}
{"@t":"2026-04-01T04:13:00.8893731Z","@mt":"Content root path: {ContentRoot}","ContentRoot":"C:\\Sprint Job Portal Github Remote\\Job_Portal_Sprint\\JobPortalSystem\\AdminService","SourceContext":"Microsoft.Hosting.Lifetime"}
{"@t":"2026-04-01T04:39:58.6204187Z","@mt":"User profile is available. Using '{FullName}' as key repository and Windows DPAPI to encrypt keys at rest.","FullName":"C:\\Users\\Karan\\AppData\\Local\\ASP.NET\\DataProtection-Keys","EventId":{"Id":63,"Name":"UsingProfileAsKeyRepositoryWithDPAPI"},"SourceContext":"Microsoft.AspNetCore.DataProtection.KeyManagement.XmlKeyManager"}
{"@t":"2026-04-01T04:39:59.0345438Z","@mt":"Now listening on: {address}","address":"http://localhost:5006","EventId":{"Id":14,"Name":"ListeningOnAddress"},"SourceContext":"Microsoft.Hosting.Lifetime"}
{"@t":"2026-04-01T04:39:59.1486297Z","@mt":"Application started. Press Ctrl+C to shut down.","SourceContext":"Microsoft.Hosting.Lifetime"}
{"@t":"2026-04-01T04:39:59.1593608Z","@mt":"Hosting environment: {EnvName}","EnvName":"Development","SourceContext":"Microsoft.Hosting.Lifetime"}
{"@t":"2026-04-01T04:39:59.1670912Z","@mt":"Content root path: {ContentRoot}","ContentRoot":"C:\\Sprint Job Portal Github Remote\\Job_Portal_Sprint\\JobPortalSystem\\AdminService","SourceContext":"Microsoft.Hosting.Lifetime"}
{"@t":"2026-04-01T04:46:39.9580149Z","@mt":"User profile is available. Using '{FullName}' as key repository and Windows DPAPI to encrypt keys at rest.","FullName":"C:\\Users\\Karan\\AppData\\Local\\ASP.NET\\DataProtection-Keys","EventId":{"Id":63,"Name":"UsingProfileAsKeyRepositoryWithDPAPI"},"SourceContext":"Microsoft.AspNetCore.DataProtection.KeyManagement.XmlKeyManager"}
{"@t":"2026-04-01T04:46:40.5375856Z","@mt":"Now listening on: {address}","address":"http://localhost:5006","EventId":{"Id":14,"Name":"ListeningOnAddress"},"SourceContext":"Microsoft.Hosting.Lifetime"}
{"@t":"2026-04-01T04:46:40.6577834Z","@mt":"Application started. Press Ctrl+C to shut down.","SourceContext":"Microsoft.Hosting.Lifetime"}
{"@t":"2026-04-01T04:46:40.6622872Z","@mt":"Hosting environment: {EnvName}","EnvName":"Development","SourceContext":"Microsoft.Hosting.Lifetime"}
{"@t":"2026-04-01T04:46:40.6656534Z","@mt":"Content root path: {ContentRoot}","ContentRoot":"C:\\Sprint Job Portal Github Remote\\Job_Portal_Sprint\\JobPortalSystem\\AdminService","SourceContext":"Microsoft.Hosting.Lifetime"}
{"@t":"2026-04-01T10:01:35.1146120Z","@mt":"User profile is available. Using '{FullName}' as key repository and Windows DPAPI to encrypt keys at rest.","FullName":"C:\\Users\\Karan\\AppData\\Local\\ASP.NET\\DataProtection-Keys","EventId":{"Id":63,"Name":"UsingProfileAsKeyRepositoryWithDPAPI"},"SourceContext":"Microsoft.AspNetCore.DataProtection.KeyManagement.XmlKeyManager"}
{"@t":"2026-04-01T10:01:35.5016230Z","@mt":"Now listening on: {address}","address":"http://localhost:5006","EventId":{"Id":14,"Name":"ListeningOnAddress"},"SourceContext":"Microsoft.Hosting.Lifetime"}
{"@t":"2026-04-01T10:01:35.8413193Z","@mt":"Application started. Press Ctrl+C to shut down.","SourceContext":"Microsoft.Hosting.Lifetime"}
{"@t":"2026-04-01T10:01:35.8418972Z","@mt":"Hosting environment: {EnvName}","EnvName":"Development","SourceContext":"Microsoft.Hosting.Lifetime"}
{"@t":"2026-04-01T10:01:35.8422814Z","@mt":"Content root path: {ContentRoot}","ContentRoot":"C:\\Users\\Karan\\Desktop\\JobPortalSystem\\AdminService","SourceContext":"Microsoft.Hosting.Lifetime"}
