{"@t":"2026-03-31T04:43:07.5085876Z","@mt":"User profile is available. Using '{FullName}' as key repository and Windows DPAPI to encrypt keys at rest.","FullName":"C:\\Users\\Karan\\AppData\\Local\\ASP.NET\\DataProtection-Keys","EventId":{"Id":63,"Name":"UsingProfileAsKeyRepositoryWithDPAPI"},"SourceContext":"Microsoft.AspNetCore.DataProtection.KeyManagement.XmlKeyManager"}
{"@t":"2026-03-31T04:43:08.2648642Z","@mt":"Now listening on: {address}","address":"http://localhost:5000","EventId":{"Id":14,"Name":"ListeningOnAddress"},"SourceContext":"Microsoft.Hosting.Lifetime"}
{"@t":"2026-03-31T04:43:09.2107085Z","@mt":"Application started. Press Ctrl+C to shut down.","SourceContext":"Microsoft.Hosting.Lifetime"}
{"@t":"2026-03-31T04:43:09.2139276Z","@mt":"Hosting environment: {EnvName}","EnvName":"Development","SourceContext":"Microsoft.Hosting.Lifetime"}
{"@t":"2026-03-31T04:43:09.2172517Z","@mt":"Content root path: {ContentRoot}","ContentRoot":"C:\\Sprint Job Portal Github Remote\\Job_Portal_Sprint\\JobPortalSystem\\ApiGateway","SourceContext":"Microsoft.Hosting.Lifetime"}
{"@t":"2026-03-31T16:32:30.1675220Z","@mt":"User profile is available. Using '{FullName}' as key repository and Windows DPAPI to encrypt keys at rest.","FullName":"C:\\Users\\Karan\\AppData\\Local\\ASP.NET\\DataProtection-Keys","EventId":{"Id":63,"Name":"UsingProfileAsKeyRepositoryWithDPAPI"},"SourceContext":"Microsoft.AspNetCore.DataProtection.KeyManagement.XmlKeyManager"}
{"@t":"2026-03-31T16:32:30.3182209Z","@mt":"Now listening on: {address}","address":"http://localhost:5000","EventId":{"Id":14,"Name":"ListeningOnAddress"},"SourceContext":"Microsoft.Hosting.Lifetime"}
{"@t":"2026-03-31T16:32:30.4397241Z","@mt":"Application started. Press Ctrl+C to shut down.","SourceContext":"Microsoft.Hosting.Lifetime"}
{"@t":"2026-03-31T16:32:30.4402302Z","@mt":"Hosting environment: {EnvName}","EnvName":"Development","SourceContext":"Microsoft.Hosting.Lifetime"}
{"@t":"2026-03-31T16:32:30.4405366Z","@mt":"Content root path: {ContentRoot}","ContentRoot":"C:\\Sprint Job Portal Github Remote\\Job_Portal_Sprint\\JobPortalSystem\\ApiGateway","SourceContext":"Microsoft.Hosting.Lifetime"}
{"@t":"2026-03-31T16:34:20.7137696Z","@mt":"User profile is available. Using '{FullName}' as key repository and Windows DPAPI to encrypt keys at rest.","FullName":"C:\\Users\\Karan\\AppData\\Local\\ASP.NET\\DataProtection-Keys","EventId":{"Id":63,"Name":"UsingProfileAsKeyRepositoryWithDPAPI"},"SourceContext":"Microsoft.AspNetCore.DataProtection.KeyManagement.XmlKeyManager"}
{"@t":"2026-03-31T16:34:20.9353561Z","@mt":"Now listening on: {address}","address":"http://localhost:5000","EventId":{"Id":14,"Name":"ListeningOnAddress"},"SourceContext":"Microsoft.Hosting.Lifetime"}
{"@t":"2026-03-31T16:34:21.1778598Z","@mt":"Application started. Press Ctrl+C to shut down.","SourceContext":"Microsoft.Hosting.Lifetime"}
{"@t":"2026-03-31T16:34:21.1783805Z","@mt":"Hosting environment: {EnvName}","EnvName":"Development","SourceContext":"Microsoft.Hosting.Lifetime"}
{"@t":"2026-03-31T16:34:21.1786213Z","@mt":"Content root path: {ContentRoot}","ContentRoot":"C:\\Sprint Job Portal Github Remote\\Job_Portal_Sprint\\JobPortalSystem\\ApiGateway","SourceContext":"Microsoft.Hosting.Lifetime"}
{"@t":"2026-03-31T16:37:46.0111513Z","@mt":"User profile is available. Using '{FullName}' as key repository and Windows DPAPI to encrypt keys at rest.","FullName":"C:\\Users\\Karan\\AppData\\Local\\ASP.NET\\DataProtection-Keys","EventId":{"Id":63,"Name":"UsingProfileAsKeyRepositoryWithDPAPI"},"SourceContext":"Microsoft.AspNetCore.DataProtection.KeyManagement.XmlKeyManager"}
{"@t":"2026-03-31T16:37:46.3291208Z","@mt":"Now listening on: {address}","address":"http://localhost:5000","EventId":{"Id":14,"Name":"ListeningOnAddress"},"SourceContext":"Microsoft.Hosting.Lifetime"}
{"@t":"2026-03-31T16:37:46.5703767Z","@mt":"Application started. Press Ctrl+C to shut down.","SourceContext":"Microsoft.Hosting.Lifetime"}
{"@t":"2026-03-31T16:37:46.5715465Z","@mt":"Hosting environment: {EnvName}","EnvName":"Development","SourceContext":"Microsoft.Hosting.Lifetime"}
{"@t":"2026-03-31T16:37:46.5728558Z","@mt":"Content root path: {ContentRoot}","ContentRoot":"C:\\Sprint Job Portal Github Remote\\Job_Portal_Sprint\\JobPortalSystem\\ApiGateway","SourceContext":"Microsoft.Hosting.Lifetime"}
{"@t":"2026-03-31T16:42:39.2577505Z","@mt":"User profile is available. Using '{FullName}' as key repository and Windows DPAPI to encrypt keys at rest.","FullName":"C:\\Users\\Karan\\AppData\\Local\\ASP.NET\\DataProtection-Keys","EventId":{"Id":63,"Name":"UsingProfileAsKeyRepositoryWithDPAPI"},"SourceContext":"Microsoft.AspNetCore.DataProtection.KeyManagement.XmlKeyManager"}
{"@t":"2026-03-31T16:42:39.4749206Z","@mt":"Now listening on: {address}","address":"http://localhost:5000","EventId":{"Id":14,"Name":"ListeningOnAddress"},"SourceContext":"Microsoft.Hosting.Lifetime"}
{"@t":"2026-03-31T16:42:39.6943227Z","@mt":"Application started. Press Ctrl+C to shut down.","SourceContext":"Microsoft.Hosting.Lifetime"}
{"@t":"2026-03-31T16:42:39.6946888Z","@mt":"Hosting environment: {EnvName}","EnvName":"Development","SourceContext":"Microsoft.Hosting.Lifetime"}
{"@t":"2026-03-31T16:42:39.6948409Z","@mt":"Content root path: {ContentRoot}","ContentRoot":"C:\\Sprint Job Portal Github Remote\\Job_Portal_Sprint\\JobPortalSystem\\ApiGateway","SourceContext":"Microsoft.Hosting.Lifetime"}
