{"@t":"2026-04-04T03:54:08.7940030Z","@mt":"User profile is available. Using '{FullName}' as key repository and Windows DPAPI to encrypt keys at rest.","FullName":"C:\\Users\\Karan\\AppData\\Local\\ASP.NET\\DataProtection-Keys","EventId":{"Id":63,"Name":"UsingProfileAsKeyRepositoryWithDPAPI"},"SourceContext":"Microsoft.AspNetCore.DataProtection.KeyManagement.XmlKeyManager"}
{"@t":"2026-04-04T03:54:10.6057951Z","@mt":"Now listening on: {address}","address":"http://localhost:5000","EventId":{"Id":14,"Name":"ListeningOnAddress"},"SourceContext":"Microsoft.Hosting.Lifetime"}
{"@t":"2026-04-04T03:54:11.8636503Z","@mt":"Application started. Press Ctrl+C to shut down.","SourceContext":"Microsoft.Hosting.Lifetime"}
{"@t":"2026-04-04T03:54:11.8690018Z","@mt":"Hosting environment: {EnvName}","EnvName":"Development","SourceContext":"Microsoft.Hosting.Lifetime"}
{"@t":"2026-04-04T03:54:11.8752405Z","@mt":"Content root path: {ContentRoot}","ContentRoot":"C:\\Users\\Karan\\Desktop\\JobPortalSystem\\ApiGateway","SourceContext":"Microsoft.Hosting.Lifetime"}
{"@t":"2026-04-04T04:00:37.9294287Z","@mt":"User profile is available. Using '{FullName}' as key repository and Windows DPAPI to encrypt keys at rest.","FullName":"C:\\Users\\Karan\\AppData\\Local\\ASP.NET\\DataProtection-Keys","EventId":{"Id":63,"Name":"UsingProfileAsKeyRepositoryWithDPAPI"},"SourceContext":"Microsoft.AspNetCore.DataProtection.KeyManagement.XmlKeyManager"}
{"@t":"2026-04-04T04:00:38.1626048Z","@mt":"Now listening on: {address}","address":"http://localhost:5000","EventId":{"Id":14,"Name":"ListeningOnAddress"},"SourceContext":"Microsoft.Hosting.Lifetime"}
{"@t":"2026-04-04T04:00:38.3453752Z","@mt":"Application started. Press Ctrl+C to shut down.","SourceContext":"Microsoft.Hosting.Lifetime"}
{"@t":"2026-04-04T04:00:38.3461025Z","@mt":"Hosting environment: {EnvName}","EnvName":"Development","SourceContext":"Microsoft.Hosting.Lifetime"}
{"@t":"2026-04-04T04:00:38.3463413Z","@mt":"Content root path: {ContentRoot}","ContentRoot":"C:\\Users\\Karan\\Desktop\\JobPortalSystem\\ApiGateway","SourceContext":"Microsoft.Hosting.Lifetime"}
{"@t":"2026-04-04T04:16:49.1439261Z","@mt":"User profile is available. Using '{FullName}' as key repository and Windows DPAPI to encrypt keys at rest.","FullName":"C:\\Users\\Karan\\AppData\\Local\\ASP.NET\\DataProtection-Keys","EventId":{"Id":63,"Name":"UsingProfileAsKeyRepositoryWithDPAPI"},"SourceContext":"Microsoft.AspNetCore.DataProtection.KeyManagement.XmlKeyManager"}
{"@t":"2026-04-04T04:16:49.6255224Z","@mt":"Now listening on: {address}","address":"http://localhost:5000","EventId":{"Id":14,"Name":"ListeningOnAddress"},"SourceContext":"Microsoft.Hosting.Lifetime"}
{"@t":"2026-04-04T04:16:50.4153155Z","@mt":"Application started. Press Ctrl+C to shut down.","SourceContext":"Microsoft.Hosting.Lifetime"}
{"@t":"2026-04-04T04:16:50.4252670Z","@mt":"Hosting environment: {EnvName}","EnvName":"Development","SourceContext":"Microsoft.Hosting.Lifetime"}
{"@t":"2026-04-04T04:16:50.4549592Z","@mt":"Content root path: {ContentRoot}","ContentRoot":"C:\\Users\\Karan\\Desktop\\JobPortalSystem\\ApiGateway","SourceContext":"Microsoft.Hosting.Lifetime"}
{"@t":"2026-04-04T06:21:36.9193135Z","@mt":"User profile is available. Using '{FullName}' as key repository and Windows DPAPI to encrypt keys at rest.","FullName":"C:\\Users\\Karan\\AppData\\Local\\ASP.NET\\DataProtection-Keys","EventId":{"Id":63,"Name":"UsingProfileAsKeyRepositoryWithDPAPI"},"SourceContext":"Microsoft.AspNetCore.DataProtection.KeyManagement.XmlKeyManager"}
{"@t":"2026-04-04T06:21:37.1674162Z","@mt":"Now listening on: {address}","address":"http://localhost:5000","EventId":{"Id":14,"Name":"ListeningOnAddress"},"SourceContext":"Microsoft.Hosting.Lifetime"}
{"@t":"2026-04-04T06:21:37.3302207Z","@mt":"Application started. Press Ctrl+C to shut down.","SourceContext":"Microsoft.Hosting.Lifetime"}
{"@t":"2026-04-04T06:21:37.3307556Z","@mt":"Hosting environment: {EnvName}","EnvName":"Development","SourceContext":"Microsoft.Hosting.Lifetime"}
{"@t":"2026-04-04T06:21:37.3310003Z","@mt":"Content root path: {ContentRoot}","ContentRoot":"C:\\Users\\Karan\\Desktop\\JobPortalSystem\\ApiGateway","SourceContext":"Microsoft.Hosting.Lifetime"}
{"@t":"2026-04-04T09:19:30.7151922Z","@mt":"User profile is available. Using '{FullName}' as key repository and Windows DPAPI to encrypt keys at rest.","FullName":"C:\\Users\\Karan\\AppData\\Local\\ASP.NET\\DataProtection-Keys","EventId":{"Id":63,"Name":"UsingProfileAsKeyRepositoryWithDPAPI"},"SourceContext":"Microsoft.AspNetCore.DataProtection.KeyManagement.XmlKeyManager"}
{"@t":"2026-04-04T09:19:31.0402638Z","@mt":"Now listening on: {address}","address":"http://localhost:5000","EventId":{"Id":14,"Name":"ListeningOnAddress"},"SourceContext":"Microsoft.Hosting.Lifetime"}
{"@t":"2026-04-04T09:19:31.3800437Z","@mt":"Application started. Press Ctrl+C to shut down.","SourceContext":"Microsoft.Hosting.Lifetime"}
{"@t":"2026-04-04T09:19:31.3834565Z","@mt":"Hosting environment: {EnvName}","EnvName":"Development","SourceContext":"Microsoft.Hosting.Lifetime"}
{"@t":"2026-04-04T09:19:31.3928205Z","@mt":"Content root path: {ContentRoot}","ContentRoot":"C:\\Users\\Karan\\Desktop\\JobPortalSystem\\ApiGateway","SourceContext":"Microsoft.Hosting.Lifetime"}
