{"@t":"2026-04-08T06:03:06.3385404Z","@mt":"Configured endpoint {Endpoint}, Consumer: {ConsumerType}","Endpoint":"grant-resume-access","ConsumerType":"ResumeService.Consumers.GrantResumeAccessConsumer","SourceContext":"MassTransit"}
{"@t":"2026-04-08T06:03:07.5632183Z","@mt":"User profile is available. Using '{FullName}' as key repository and Windows DPAPI to encrypt keys at rest.","FullName":"C:\\Users\\Karan\\AppData\\Local\\ASP.NET\\DataProtection-Keys","EventId":{"Id":63,"Name":"UsingProfileAsKeyRepositoryWithDPAPI"},"SourceContext":"Microsoft.AspNetCore.DataProtection.KeyManagement.XmlKeyManager"}
{"@t":"2026-04-08T06:03:09.3272354Z","@mt":"Now listening on: {address}","address":"http://localhost:5004","EventId":{"Id":14,"Name":"ListeningOnAddress"},"SourceContext":"Microsoft.Hosting.Lifetime"}
{"@t":"2026-04-08T06:03:09.5921915Z","@mt":"Application started. Press Ctrl+C to shut down.","SourceContext":"Microsoft.Hosting.Lifetime"}
{"@t":"2026-04-08T06:03:09.5952670Z","@mt":"Hosting environment: {EnvName}","EnvName":"Development","SourceContext":"Microsoft.Hosting.Lifetime"}
{"@t":"2026-04-08T06:03:09.5986990Z","@mt":"Content root path: {ContentRoot}","ContentRoot":"C:\\Users\\Karan\\Desktop\\Jop Portal\\JobPortalSystem\\ResumeService","SourceContext":"Microsoft.Hosting.Lifetime"}
{"@t":"2026-04-08T06:03:10.4230008Z","@mt":"Bus started: {HostAddress}","HostAddress":"rabbitmq://localhost/","SourceContext":"MassTransit"}
{"@t":"2026-04-08T06:13:35.0012116Z","@mt":"Configured endpoint {Endpoint}, Consumer: {ConsumerType}","Endpoint":"grant-resume-access","ConsumerType":"ResumeService.Consumers.GrantResumeAccessConsumer","SourceContext":"MassTransit"}
{"@t":"2026-04-08T06:13:36.1076492Z","@mt":"User profile is available. Using '{FullName}' as key repository and Windows DPAPI to encrypt keys at rest.","FullName":"C:\\Users\\Karan\\AppData\\Local\\ASP.NET\\DataProtection-Keys","EventId":{"Id":63,"Name":"UsingProfileAsKeyRepositoryWithDPAPI"},"SourceContext":"Microsoft.AspNetCore.DataProtection.KeyManagement.XmlKeyManager"}
{"@t":"2026-04-08T06:13:37.2320798Z","@mt":"Now listening on: {address}","address":"http://localhost:5004","EventId":{"Id":14,"Name":"ListeningOnAddress"},"SourceContext":"Microsoft.Hosting.Lifetime"}
{"@t":"2026-04-08T06:13:37.4938948Z","@mt":"Application started. Press Ctrl+C to shut down.","SourceContext":"Microsoft.Hosting.Lifetime"}
{"@t":"2026-04-08T06:13:37.4973497Z","@mt":"Hosting environment: {EnvName}","EnvName":"Development","SourceContext":"Microsoft.Hosting.Lifetime"}
{"@t":"2026-04-08T06:13:37.5049505Z","@mt":"Content root path: {ContentRoot}","ContentRoot":"C:\\Users\\Karan\\Desktop\\Jop Portal\\JobPortalSystem\\ResumeService","SourceContext":"Microsoft.Hosting.Lifetime"}
{"@t":"2026-04-08T06:13:37.6420269Z","@mt":"Bus started: {HostAddress}","HostAddress":"rabbitmq://localhost/","SourceContext":"MassTransit"}
{"@t":"2026-04-08T06:27:24.7040721Z","@mt":"Configured endpoint {Endpoint}, Consumer: {ConsumerType}","Endpoint":"grant-resume-access","ConsumerType":"ResumeService.Consumers.GrantResumeAccessConsumer","SourceContext":"MassTransit"}
{"@t":"2026-04-08T06:27:25.8009061Z","@mt":"User profile is available. Using '{FullName}' as key repository and Windows DPAPI to encrypt keys at rest.","FullName":"C:\\Users\\Karan\\AppData\\Local\\ASP.NET\\DataProtection-Keys","EventId":{"Id":63,"Name":"UsingProfileAsKeyRepositoryWithDPAPI"},"SourceContext":"Microsoft.AspNetCore.DataProtection.KeyManagement.XmlKeyManager"}
{"@t":"2026-04-08T06:27:27.2175877Z","@mt":"Now listening on: {address}","address":"http://localhost:5004","EventId":{"Id":14,"Name":"ListeningOnAddress"},"SourceContext":"Microsoft.Hosting.Lifetime"}
{"@t":"2026-04-08T06:27:27.4521973Z","@mt":"Bus started: {HostAddress}","HostAddress":"rabbitmq://localhost/","SourceContext":"MassTransit"}
{"@t":"2026-04-08T06:27:27.4617597Z","@mt":"Application started. Press Ctrl+C to shut down.","SourceContext":"Microsoft.Hosting.Lifetime"}
{"@t":"2026-04-08T06:27:27.4623885Z","@mt":"Hosting environment: {EnvName}","EnvName":"Development","SourceContext":"Microsoft.Hosting.Lifetime"}
{"@t":"2026-04-08T06:27:27.4634480Z","@mt":"Content root path: {ContentRoot}","ContentRoot":"C:\\Users\\Karan\\Desktop\\Jop Portal\\JobPortalSystem\\ResumeService","SourceContext":"Microsoft.Hosting.Lifetime"}
{"@t":"2026-04-08T06:28:56.0334245Z","@mt":"Configured endpoint {Endpoint}, Consumer: {ConsumerType}","Endpoint":"grant-resume-access","ConsumerType":"ResumeService.Consumers.GrantResumeAccessConsumer","SourceContext":"MassTransit"}
{"@t":"2026-04-08T06:28:57.0824565Z","@mt":"User profile is available. Using '{FullName}' as key repository and Windows DPAPI to encrypt keys at rest.","FullName":"C:\\Users\\Karan\\AppData\\Local\\ASP.NET\\DataProtection-Keys","EventId":{"Id":63,"Name":"UsingProfileAsKeyRepositoryWithDPAPI"},"SourceContext":"Microsoft.AspNetCore.DataProtection.KeyManagement.XmlKeyManager"}
{"@t":"2026-04-08T06:28:58.4099430Z","@mt":"Now listening on: {address}","address":"http://localhost:5004","EventId":{"Id":14,"Name":"ListeningOnAddress"},"SourceContext":"Microsoft.Hosting.Lifetime"}
{"@t":"2026-04-08T06:28:59.0382673Z","@mt":"Application started. Press Ctrl+C to shut down.","SourceContext":"Microsoft.Hosting.Lifetime"}
{"@t":"2026-04-08T06:28:59.0687404Z","@mt":"Hosting environment: {EnvName}","EnvName":"Development","SourceContext":"Microsoft.Hosting.Lifetime"}
{"@t":"2026-04-08T06:28:59.0859678Z","@mt":"Content root path: {ContentRoot}","ContentRoot":"C:\\Users\\Karan\\Desktop\\Jop Portal\\JobPortalSystem\\ResumeService","SourceContext":"Microsoft.Hosting.Lifetime"}
{"@t":"2026-04-08T06:28:59.5556411Z","@mt":"Bus started: {HostAddress}","HostAddress":"rabbitmq://localhost/","SourceContext":"MassTransit"}
{"@t":"2026-04-08T08:43:56.7653694Z","@mt":"Configured endpoint {Endpoint}, Consumer: {ConsumerType}","Endpoint":"grant-resume-access","ConsumerType":"ResumeService.Consumers.GrantResumeAccessConsumer","SourceContext":"MassTransit"}
{"@t":"2026-04-08T08:43:58.1557344Z","@mt":"User profile is available. Using '{FullName}' as key repository and Windows DPAPI to encrypt keys at rest.","FullName":"C:\\Users\\Karan\\AppData\\Local\\ASP.NET\\DataProtection-Keys","EventId":{"Id":63,"Name":"UsingProfileAsKeyRepositoryWithDPAPI"},"SourceContext":"Microsoft.AspNetCore.DataProtection.KeyManagement.XmlKeyManager"}
{"@t":"2026-04-08T08:44:00.6908995Z","@mt":"Now listening on: {address}","address":"http://localhost:5004","EventId":{"Id":14,"Name":"ListeningOnAddress"},"SourceContext":"Microsoft.Hosting.Lifetime"}
{"@t":"2026-04-08T08:44:01.2760404Z","@mt":"Application started. Press Ctrl+C to shut down.","SourceContext":"Microsoft.Hosting.Lifetime"}
{"@t":"2026-04-08T08:44:01.2797563Z","@mt":"Hosting environment: {EnvName}","EnvName":"Development","SourceContext":"Microsoft.Hosting.Lifetime"}
{"@t":"2026-04-08T08:44:01.2872042Z","@mt":"Content root path: {ContentRoot}","ContentRoot":"C:\\Users\\Karan\\Desktop\\Jop Portal\\JobPortalSystem\\ResumeService","SourceContext":"Microsoft.Hosting.Lifetime"}
{"@t":"2026-04-08T08:44:01.6457842Z","@mt":"Bus started: {HostAddress}","HostAddress":"rabbitmq://localhost/","SourceContext":"MassTransit"}
{"@t":"2026-04-08T08:59:59.0987342Z","@mt":"Configured endpoint {Endpoint}, Consumer: {ConsumerType}","Endpoint":"grant-resume-access","ConsumerType":"ResumeService.Consumers.GrantResumeAccessConsumer","SourceContext":"MassTransit"}
{"@t":"2026-04-08T09:00:00.1309900Z","@mt":"User profile is available. Using '{FullName}' as key repository and Windows DPAPI to encrypt keys at rest.","FullName":"C:\\Users\\Karan\\AppData\\Local\\ASP.NET\\DataProtection-Keys","EventId":{"Id":63,"Name":"UsingProfileAsKeyRepositoryWithDPAPI"},"SourceContext":"Microsoft.AspNetCore.DataProtection.KeyManagement.XmlKeyManager"}
{"@t":"2026-04-08T09:00:01.8480856Z","@mt":"Now listening on: {address}","address":"http://localhost:5004","EventId":{"Id":14,"Name":"ListeningOnAddress"},"SourceContext":"Microsoft.Hosting.Lifetime"}
{"@t":"2026-04-08T09:00:02.3532747Z","@mt":"Application started. Press Ctrl+C to shut down.","SourceContext":"Microsoft.Hosting.Lifetime"}
{"@t":"2026-04-08T09:00:02.3679150Z","@mt":"Hosting environment: {EnvName}","EnvName":"Development","SourceContext":"Microsoft.Hosting.Lifetime"}
{"@t":"2026-04-08T09:00:02.3869784Z","@mt":"Content root path: {ContentRoot}","ContentRoot":"C:\\Users\\Karan\\Desktop\\Jop Portal\\JobPortalSystem\\ResumeService","SourceContext":"Microsoft.Hosting.Lifetime"}
{"@t":"2026-04-08T09:00:02.5364781Z","@mt":"Bus started: {HostAddress}","HostAddress":"rabbitmq://localhost/","SourceContext":"MassTransit"}
