{"@t":"2026-04-02T03:52:39.5850385Z","@mt":"Configured endpoint {Endpoint}, Consumer: {ConsumerType}","Endpoint":"grant-resume-access","ConsumerType":"ResumeService.Consumers.GrantResumeAccessConsumer","SourceContext":"MassTransit"}
{"@t":"2026-04-02T03:52:40.1277763Z","@mt":"User profile is available. Using '{FullName}' as key repository and Windows DPAPI to encrypt keys at rest.","FullName":"C:\\Users\\Karan\\AppData\\Local\\ASP.NET\\DataProtection-Keys","EventId":{"Id":63,"Name":"UsingProfileAsKeyRepositoryWithDPAPI"},"SourceContext":"Microsoft.AspNetCore.DataProtection.KeyManagement.XmlKeyManager"}
{"@t":"2026-04-02T03:52:40.7636476Z","@mt":"Now listening on: {address}","address":"http://localhost:5004","EventId":{"Id":14,"Name":"ListeningOnAddress"},"SourceContext":"Microsoft.Hosting.Lifetime"}
{"@t":"2026-04-02T03:52:41.0126100Z","@mt":"Application started. Press Ctrl+C to shut down.","SourceContext":"Microsoft.Hosting.Lifetime"}
{"@t":"2026-04-02T03:52:41.0226533Z","@mt":"Hosting environment: {EnvName}","EnvName":"Development","SourceContext":"Microsoft.Hosting.Lifetime"}
{"@t":"2026-04-02T03:52:41.0248074Z","@mt":"Content root path: {ContentRoot}","ContentRoot":"C:\\Users\\Karan\\Desktop\\JobPortalSystem\\ResumeService","SourceContext":"Microsoft.Hosting.Lifetime"}
{"@t":"2026-04-02T03:52:41.4000148Z","@mt":"Bus started: {HostAddress}","HostAddress":"rabbitmq://localhost/","SourceContext":"MassTransit"}
{"@t":"2026-04-02T03:53:53.6652998Z","@mt":"Request starting {Protocol} {Method} {Scheme}://{Host}{PathBase}{Path}{QueryString} - {ContentType} {ContentLength}","@tr":"208d983847e662904862223297489385","@sp":"a059650e12d5e647","Protocol":"HTTP/1.1","Method":"GET","ContentType":null,"ContentLength":null,"Scheme":"http","Host":"localhost:5004","PathBase":"","Path":"/swagger/index.html","QueryString":"","EventId":{"Id":1},"SourceContext":"Microsoft.AspNetCore.Hosting.Diagnostics","RequestId":"0HNKGDDQJ8KHM:00000001","RequestPath":"/swagger/index.html","ConnectionId":"0HNKGDDQJ8KHM"}
{"@t":"2026-04-02T03:53:54.1221596Z","@mt":"HTTP {RequestMethod} {RequestPath} responded {StatusCode} in {Elapsed:0.0000} ms","@r":["172.9709"],"@tr":"208d983847e662904862223297489385","@sp":"a059650e12d5e647","RequestMethod":"GET","RequestPath":"/swagger/index.html","StatusCode":200,"Elapsed":172.9709,"SourceContext":"Serilog.AspNetCore.RequestLoggingMiddleware","RequestId":"0HNKGDDQJ8KHM:00000001","ConnectionId":"0HNKGDDQJ8KHM"}
{"@t":"2026-04-02T03:53:54.1380382Z","@mt":"Request finished {Protocol} {Method} {Scheme}://{Host}{PathBase}{Path}{QueryString} - {StatusCode} {ContentLength} {ContentType} {ElapsedMilliseconds}ms","@tr":"208d983847e662904862223297489385","@sp":"a059650e12d5e647","ElapsedMilliseconds":482.9599,"StatusCode":200,"ContentType":"text/html;charset=utf-8","ContentLength":null,"Protocol":"HTTP/1.1","Method":"GET","Scheme":"http","Host":"localhost:5004","PathBase":"","Path":"/swagger/index.html","QueryString":"","EventId":{"Id":2},"SourceContext":"Microsoft.AspNetCore.Hosting.Diagnostics","RequestId":"0HNKGDDQJ8KHM:00000001","RequestPath":"/swagger/index.html","ConnectionId":"0HNKGDDQJ8KHM"}
{"@t":"2026-04-02T03:53:54.1575267Z","@mt":"Request starting {Protocol} {Method} {Scheme}://{Host}{PathBase}{Path}{QueryString} - {ContentType} {ContentLength}","@tr":"959d0f9cb8d4f0a1dabd9e72347d3080","@sp":"4feb0c675d7971d6","Protocol":"HTTP/1.1","Method":"GET","ContentType":null,"ContentLength":null,"Scheme":"http","Host":"localhost:5004","PathBase":"","Path":"/_framework/aspnetcore-browser-refresh.js","QueryString":"","EventId":{"Id":1},"SourceContext":"Microsoft.AspNetCore.Hosting.Diagnostics","RequestId":"0HNKGDDQJ8KHM:00000002","RequestPath":"/_framework/aspnetcore-browser-refresh.js","ConnectionId":"0HNKGDDQJ8KHM"}
{"@t":"2026-04-02T03:53:54.1575267Z","@mt":"Request starting {Protocol} {Method} {Scheme}://{Host}{PathBase}{Path}{QueryString} - {ContentType} {ContentLength}","@tr":"dc202c554ef490f99dc4c1668873a2fa","@sp":"0f903ec9294c94ab","Protocol":"HTTP/1.1","Method":"GET","ContentType":null,"ContentLength":null,"Scheme":"http","Host":"localhost:5004","PathBase":"","Path":"/_vs/browserLink","QueryString":"","EventId":{"Id":1},"SourceContext":"Microsoft.AspNetCore.Hosting.Diagnostics","RequestId":"0HNKGDDQJ8KHN:00000001","RequestPath":"/_vs/browserLink","ConnectionId":"0HNKGDDQJ8KHN"}
{"@t":"2026-04-02T03:53:54.1689524Z","@mt":"Request finished {Protocol} {Method} {Scheme}://{Host}{PathBase}{Path}{QueryString} - {StatusCode} {ContentLength} {ContentType} {ElapsedMilliseconds}ms","@tr":"959d0f9cb8d4f0a1dabd9e72347d3080","@sp":"4feb0c675d7971d6","ElapsedMilliseconds":10.7045,"StatusCode":200,"ContentType":"application/javascript; charset=utf-8","ContentLength":14931,"Protocol":"HTTP/1.1","Method":"GET","Scheme":"http","Host":"localhost:5004","PathBase":"","Path":"/_framework/aspnetcore-browser-refresh.js","QueryString":"","EventId":{"Id":2},"SourceContext":"Microsoft.AspNetCore.Hosting.Diagnostics","RequestId":"0HNKGDDQJ8KHM:00000002","RequestPath":"/_framework/aspnetcore-browser-refresh.js","ConnectionId":"0HNKGDDQJ8KHM"}
{"@t":"2026-04-02T03:53:54.2379078Z","@mt":"Request finished {Protocol} {Method} {Scheme}://{Host}{PathBase}{Path}{QueryString} - {StatusCode} {ContentLength} {ContentType} {ElapsedMilliseconds}ms","@tr":"dc202c554ef490f99dc4c1668873a2fa","@sp":"0f903ec9294c94ab","ElapsedMilliseconds":80.2899,"StatusCode":200,"ContentType":"text/javascript; charset=UTF-8","ContentLength":null,"Protocol":"HTTP/1.1","Method":"GET","Scheme":"http","Host":"localhost:5004","PathBase":"","Path":"/_vs/browserLink","QueryString":"","EventId":{"Id":2},"SourceContext":"Microsoft.AspNetCore.Hosting.Diagnostics","RequestId":"0HNKGDDQJ8KHN:00000001","RequestPath":"/_vs/browserLink","ConnectionId":"0HNKGDDQJ8KHN"}
{"@t":"2026-04-02T03:53:54.2712571Z","@mt":"Request starting {Protocol} {Method} {Scheme}://{Host}{PathBase}{Path}{QueryString} - {ContentType} {ContentLength}","@tr":"4be0ffbe7a70dd2afbdc7766bd58b366","@sp":"2718361968f37890","Protocol":"HTTP/1.1","Method":"GET","ContentType":null,"ContentLength":null,"Scheme":"http","Host":"localhost:5004","PathBase":"","Path":"/swagger/v1/swagger.json","QueryString":"","EventId":{"Id":1},"SourceContext":"Microsoft.AspNetCore.Hosting.Diagnostics","RequestId":"0HNKGDDQJ8KHN:00000002","RequestPath":"/swagger/v1/swagger.json","ConnectionId":"0HNKGDDQJ8KHN"}
{"@t":"2026-04-02T03:53:54.3451940Z","@mt":"HTTP {RequestMethod} {RequestPath} responded {StatusCode} in {Elapsed:0.0000} ms","@r":["70.8548"],"@tr":"4be0ffbe7a70dd2afbdc7766bd58b366","@sp":"2718361968f37890","RequestMethod":"GET","RequestPath":"/swagger/v1/swagger.json","StatusCode":200,"Elapsed":70.8548,"SourceContext":"Serilog.AspNetCore.RequestLoggingMiddleware","RequestId":"0HNKGDDQJ8KHN:00000002","ConnectionId":"0HNKGDDQJ8KHN"}
{"@t":"2026-04-02T03:53:54.3459703Z","@mt":"Request finished {Protocol} {Method} {Scheme}://{Host}{PathBase}{Path}{QueryString} - {StatusCode} {ContentLength} {ContentType} {ElapsedMilliseconds}ms","@tr":"4be0ffbe7a70dd2afbdc7766bd58b366","@sp":"2718361968f37890","ElapsedMilliseconds":74.7111,"StatusCode":200,"ContentType":"application/json;charset=utf-8","ContentLength":null,"Protocol":"HTTP/1.1","Method":"GET","Scheme":"http","Host":"localhost:5004","PathBase":"","Path":"/swagger/v1/swagger.json","QueryString":"","EventId":{"Id":2},"SourceContext":"Microsoft.AspNetCore.Hosting.Diagnostics","RequestId":"0HNKGDDQJ8KHN:00000002","RequestPath":"/swagger/v1/swagger.json","ConnectionId":"0HNKGDDQJ8KHN"}
{"@t":"2026-04-02T04:24:57.0037919Z","@mt":"Configured endpoint {Endpoint}, Consumer: {ConsumerType}","Endpoint":"grant-resume-access","ConsumerType":"ResumeService.Consumers.GrantResumeAccessConsumer","SourceContext":"MassTransit"}
{"@t":"2026-04-02T04:24:57.3879631Z","@mt":"User profile is available. Using '{FullName}' as key repository and Windows DPAPI to encrypt keys at rest.","FullName":"C:\\Users\\Karan\\AppData\\Local\\ASP.NET\\DataProtection-Keys","EventId":{"Id":63,"Name":"UsingProfileAsKeyRepositoryWithDPAPI"},"SourceContext":"Microsoft.AspNetCore.DataProtection.KeyManagement.XmlKeyManager"}
{"@t":"2026-04-02T04:24:57.9223871Z","@mt":"Now listening on: {address}","address":"http://localhost:5004","EventId":{"Id":14,"Name":"ListeningOnAddress"},"SourceContext":"Microsoft.Hosting.Lifetime"}
{"@t":"2026-04-02T04:24:58.2381238Z","@mt":"Application started. Press Ctrl+C to shut down.","SourceContext":"Microsoft.Hosting.Lifetime"}
{"@t":"2026-04-02T04:24:58.2441980Z","@mt":"Hosting environment: {EnvName}","EnvName":"Development","SourceContext":"Microsoft.Hosting.Lifetime"}
{"@t":"2026-04-02T04:24:58.2469153Z","@mt":"Content root path: {ContentRoot}","ContentRoot":"C:\\Users\\Karan\\Desktop\\JobPortalSystem\\ResumeService","SourceContext":"Microsoft.Hosting.Lifetime"}
{"@t":"2026-04-02T04:24:58.4850564Z","@mt":"Bus started: {HostAddress}","HostAddress":"rabbitmq://localhost/","SourceContext":"MassTransit"}
{"@t":"2026-04-02T04:25:32.2921326Z","@mt":"Request starting {Protocol} {Method} {Scheme}://{Host}{PathBase}{Path}{QueryString} - {ContentType} {ContentLength}","@tr":"880b75a80d43f5414ee8cfa889d6b322","@sp":"d0425b4c7f8132a8","Protocol":"HTTP/1.1","Method":"GET","ContentType":null,"ContentLength":null,"Scheme":"http","Host":"localhost:5004","PathBase":"","Path":"/swagger/index.html","QueryString":"","EventId":{"Id":1},"SourceContext":"Microsoft.AspNetCore.Hosting.Diagnostics","RequestId":"0HNKGDVGELJRT:00000001","RequestPath":"/swagger/index.html","ConnectionId":"0HNKGDVGELJRT"}
{"@t":"2026-04-02T04:25:32.6012558Z","@mt":"HTTP {RequestMethod} {RequestPath} responded {StatusCode} in {Elapsed:0.0000} ms","@r":["129.8318"],"@tr":"880b75a80d43f5414ee8cfa889d6b322","@sp":"d0425b4c7f8132a8","RequestMethod":"GET","RequestPath":"/swagger/index.html","StatusCode":200,"Elapsed":129.8318,"SourceContext":"Serilog.AspNetCore.RequestLoggingMiddleware","RequestId":"0HNKGDVGELJRT:00000001","ConnectionId":"0HNKGDVGELJRT"}
{"@t":"2026-04-02T04:25:32.6144715Z","@mt":"Request finished {Protocol} {Method} {Scheme}://{Host}{PathBase}{Path}{QueryString} - {StatusCode} {ContentLength} {ContentType} {ElapsedMilliseconds}ms","@tr":"880b75a80d43f5414ee8cfa889d6b322","@sp":"d0425b4c7f8132a8","ElapsedMilliseconds":327.2112,"StatusCode":200,"ContentType":"text/html;charset=utf-8","ContentLength":null,"Protocol":"HTTP/1.1","Method":"GET","Scheme":"http","Host":"localhost:5004","PathBase":"","Path":"/swagger/index.html","QueryString":"","EventId":{"Id":2},"SourceContext":"Microsoft.AspNetCore.Hosting.Diagnostics","RequestId":"0HNKGDVGELJRT:00000001","RequestPath":"/swagger/index.html","ConnectionId":"0HNKGDVGELJRT"}
{"@t":"2026-04-02T04:25:32.6460508Z","@mt":"Request starting {Protocol} {Method} {Scheme}://{Host}{PathBase}{Path}{QueryString} - {ContentType} {ContentLength}","@tr":"dfba0d8540a1140ccb4e44d8abac26a7","@sp":"c09b2fc8c5b94301","Protocol":"HTTP/1.1","Method":"GET","ContentType":null,"ContentLength":null,"Scheme":"http","Host":"localhost:5004","PathBase":"","Path":"/_vs/browserLink","QueryString":"","EventId":{"Id":1},"SourceContext":"Microsoft.AspNetCore.Hosting.Diagnostics","RequestId":"0HNKGDVGELJRT:00000002","RequestPath":"/_vs/browserLink","ConnectionId":"0HNKGDVGELJRT"}
{"@t":"2026-04-02T04:25:32.6543577Z","@mt":"Request starting {Protocol} {Method} {Scheme}://{Host}{PathBase}{Path}{QueryString} - {ContentType} {ContentLength}","@tr":"c3d7620b8a00322a0500aed66f1b669b","@sp":"ee2bd3371a2e0b87","Protocol":"HTTP/1.1","Method":"GET","ContentType":null,"ContentLength":null,"Scheme":"http","Host":"localhost:5004","PathBase":"","Path":"/_framework/aspnetcore-browser-refresh.js","QueryString":"","EventId":{"Id":1},"SourceContext":"Microsoft.AspNetCore.Hosting.Diagnostics","RequestId":"0HNKGDVGELJRU:00000001","RequestPath":"/_framework/aspnetcore-browser-refresh.js","ConnectionId":"0HNKGDVGELJRU"}
{"@t":"2026-04-02T04:25:32.6604624Z","@mt":"Request finished {Protocol} {Method} {Scheme}://{Host}{PathBase}{Path}{QueryString} - {StatusCode} {ContentLength} {ContentType} {ElapsedMilliseconds}ms","@tr":"c3d7620b8a00322a0500aed66f1b669b","@sp":"ee2bd3371a2e0b87","ElapsedMilliseconds":5.777,"StatusCode":200,"ContentType":"application/javascript; charset=utf-8","ContentLength":14931,"Protocol":"HTTP/1.1","Method":"GET","Scheme":"http","Host":"localhost:5004","PathBase":"","Path":"/_framework/aspnetcore-browser-refresh.js","QueryString":"","EventId":{"Id":2},"SourceContext":"Microsoft.AspNetCore.Hosting.Diagnostics","RequestId":"0HNKGDVGELJRU:00000001","RequestPath":"/_framework/aspnetcore-browser-refresh.js","ConnectionId":"0HNKGDVGELJRU"}
{"@t":"2026-04-02T04:25:32.7034158Z","@mt":"Request finished {Protocol} {Method} {Scheme}://{Host}{PathBase}{Path}{QueryString} - {StatusCode} {ContentLength} {ContentType} {ElapsedMilliseconds}ms","@tr":"dfba0d8540a1140ccb4e44d8abac26a7","@sp":"c09b2fc8c5b94301","ElapsedMilliseconds":57.3416,"StatusCode":200,"ContentType":"text/javascript; charset=UTF-8","ContentLength":null,"Protocol":"HTTP/1.1","Method":"GET","Scheme":"http","Host":"localhost:5004","PathBase":"","Path":"/_vs/browserLink","QueryString":"","EventId":{"Id":2},"SourceContext":"Microsoft.AspNetCore.Hosting.Diagnostics","RequestId":"0HNKGDVGELJRT:00000002","RequestPath":"/_vs/browserLink","ConnectionId":"0HNKGDVGELJRT"}
{"@t":"2026-04-02T04:25:32.7697559Z","@mt":"Request starting {Protocol} {Method} {Scheme}://{Host}{PathBase}{Path}{QueryString} - {ContentType} {ContentLength}","@tr":"eba439513de5be9a56097562ef979d00","@sp":"b0e5edd49532b5f5","Protocol":"HTTP/1.1","Method":"GET","ContentType":null,"ContentLength":null,"Scheme":"http","Host":"localhost:5004","PathBase":"","Path":"/swagger/v1/swagger.json","QueryString":"","EventId":{"Id":1},"SourceContext":"Microsoft.AspNetCore.Hosting.Diagnostics","RequestId":"0HNKGDVGELJRT:00000003","RequestPath":"/swagger/v1/swagger.json","ConnectionId":"0HNKGDVGELJRT"}
{"@t":"2026-04-02T04:25:32.8191313Z","@mt":"HTTP {RequestMethod} {RequestPath} responded {StatusCode} in {Elapsed:0.0000} ms","@r":["46.1496"],"@tr":"eba439513de5be9a56097562ef979d00","@sp":"b0e5edd49532b5f5","RequestMethod":"GET","RequestPath":"/swagger/v1/swagger.json","StatusCode":200,"Elapsed":46.1496,"SourceContext":"Serilog.AspNetCore.RequestLoggingMiddleware","RequestId":"0HNKGDVGELJRT:00000003","ConnectionId":"0HNKGDVGELJRT"}
{"@t":"2026-04-02T04:25:32.8206431Z","@mt":"Request finished {Protocol} {Method} {Scheme}://{Host}{PathBase}{Path}{QueryString} - {StatusCode} {ContentLength} {ContentType} {ElapsedMilliseconds}ms","@tr":"eba439513de5be9a56097562ef979d00","@sp":"b0e5edd49532b5f5","ElapsedMilliseconds":50.7469,"StatusCode":200,"ContentType":"application/json;charset=utf-8","ContentLength":null,"Protocol":"HTTP/1.1","Method":"GET","Scheme":"http","Host":"localhost:5004","PathBase":"","Path":"/swagger/v1/swagger.json","QueryString":"","EventId":{"Id":2},"SourceContext":"Microsoft.AspNetCore.Hosting.Diagnostics","RequestId":"0HNKGDVGELJRT:00000003","RequestPath":"/swagger/v1/swagger.json","ConnectionId":"0HNKGDVGELJRT"}
{"@t":"2026-04-02T05:46:37.3537989Z","@mt":"Configured endpoint {Endpoint}, Consumer: {ConsumerType}","Endpoint":"grant-resume-access","ConsumerType":"ResumeService.Consumers.GrantResumeAccessConsumer","SourceContext":"MassTransit"}
{"@t":"2026-04-02T05:46:37.8735457Z","@mt":"User profile is available. Using '{FullName}' as key repository and Windows DPAPI to encrypt keys at rest.","FullName":"C:\\Users\\Karan\\AppData\\Local\\ASP.NET\\DataProtection-Keys","EventId":{"Id":63,"Name":"UsingProfileAsKeyRepositoryWithDPAPI"},"SourceContext":"Microsoft.AspNetCore.DataProtection.KeyManagement.XmlKeyManager"}
{"@t":"2026-04-02T05:46:38.6621480Z","@mt":"Now listening on: {address}","address":"http://localhost:5004","EventId":{"Id":14,"Name":"ListeningOnAddress"},"SourceContext":"Microsoft.Hosting.Lifetime"}
{"@t":"2026-04-02T05:46:38.7971049Z","@mt":"Application started. Press Ctrl+C to shut down.","SourceContext":"Microsoft.Hosting.Lifetime"}
{"@t":"2026-04-02T05:46:38.8066006Z","@mt":"Hosting environment: {EnvName}","EnvName":"Development","SourceContext":"Microsoft.Hosting.Lifetime"}
{"@t":"2026-04-02T05:46:38.8071285Z","@mt":"Content root path: {ContentRoot}","ContentRoot":"C:\\Users\\Karan\\Desktop\\JobPortalSystem\\ResumeService","SourceContext":"Microsoft.Hosting.Lifetime"}
{"@t":"2026-04-02T05:46:39.1500854Z","@mt":"Bus started: {HostAddress}","HostAddress":"rabbitmq://localhost/","SourceContext":"MassTransit"}
{"@t":"2026-04-02T06:13:03.4542318Z","@mt":"Configured endpoint {Endpoint}, Consumer: {ConsumerType}","Endpoint":"grant-resume-access","ConsumerType":"ResumeService.Consumers.GrantResumeAccessConsumer","SourceContext":"MassTransit"}
{"@t":"2026-04-02T06:13:03.8557252Z","@mt":"User profile is available. Using '{FullName}' as key repository and Windows DPAPI to encrypt keys at rest.","FullName":"C:\\Users\\Karan\\AppData\\Local\\ASP.NET\\DataProtection-Keys","EventId":{"Id":63,"Name":"UsingProfileAsKeyRepositoryWithDPAPI"},"SourceContext":"Microsoft.AspNetCore.DataProtection.KeyManagement.XmlKeyManager"}
{"@t":"2026-04-02T06:13:04.9741942Z","@mt":"Now listening on: {address}","address":"http://localhost:5004","EventId":{"Id":14,"Name":"ListeningOnAddress"},"SourceContext":"Microsoft.Hosting.Lifetime"}
{"@t":"2026-04-02T06:13:05.2142077Z","@mt":"Application started. Press Ctrl+C to shut down.","SourceContext":"Microsoft.Hosting.Lifetime"}
{"@t":"2026-04-02T06:13:05.2152130Z","@mt":"Hosting environment: {EnvName}","EnvName":"Development","SourceContext":"Microsoft.Hosting.Lifetime"}
{"@t":"2026-04-02T06:13:05.2156584Z","@mt":"Content root path: {ContentRoot}","ContentRoot":"C:\\Users\\Karan\\Desktop\\JobPortalSystem\\ResumeService","SourceContext":"Microsoft.Hosting.Lifetime"}
{"@t":"2026-04-02T06:13:05.6114027Z","@mt":"Bus started: {HostAddress}","HostAddress":"rabbitmq://localhost/","SourceContext":"MassTransit"}
{"@t":"2026-04-02T06:24:11.6414847Z","@mt":"Configured endpoint {Endpoint}, Consumer: {ConsumerType}","Endpoint":"grant-resume-access","ConsumerType":"ResumeService.Consumers.GrantResumeAccessConsumer","SourceContext":"MassTransit"}
{"@t":"2026-04-02T06:24:12.8698411Z","@mt":"User profile is available. Using '{FullName}' as key repository and Windows DPAPI to encrypt keys at rest.","FullName":"C:\\Users\\Karan\\AppData\\Local\\ASP.NET\\DataProtection-Keys","EventId":{"Id":63,"Name":"UsingProfileAsKeyRepositoryWithDPAPI"},"SourceContext":"Microsoft.AspNetCore.DataProtection.KeyManagement.XmlKeyManager"}
{"@t":"2026-04-02T06:24:14.1564201Z","@mt":"Now listening on: {address}","address":"http://localhost:5004","EventId":{"Id":14,"Name":"ListeningOnAddress"},"SourceContext":"Microsoft.Hosting.Lifetime"}
{"@t":"2026-04-02T06:24:14.6361135Z","@mt":"Application started. Press Ctrl+C to shut down.","SourceContext":"Microsoft.Hosting.Lifetime"}
{"@t":"2026-04-02T06:24:14.6449033Z","@mt":"Hosting environment: {EnvName}","EnvName":"Development","SourceContext":"Microsoft.Hosting.Lifetime"}
{"@t":"2026-04-02T06:24:14.6594091Z","@mt":"Content root path: {ContentRoot}","ContentRoot":"C:\\Users\\Karan\\Desktop\\JobPortalSystem\\ResumeService","SourceContext":"Microsoft.Hosting.Lifetime"}
{"@t":"2026-04-02T06:24:14.8126087Z","@mt":"Bus started: {HostAddress}","HostAddress":"rabbitmq://localhost/","SourceContext":"MassTransit"}
{"@t":"2026-04-02T06:25:34.0464253Z","@mt":"Configured endpoint {Endpoint}, Consumer: {ConsumerType}","Endpoint":"grant-resume-access","ConsumerType":"ResumeService.Consumers.GrantResumeAccessConsumer","SourceContext":"MassTransit"}
{"@t":"2026-04-02T06:25:35.1834241Z","@mt":"User profile is available. Using '{FullName}' as key repository and Windows DPAPI to encrypt keys at rest.","FullName":"C:\\Users\\Karan\\AppData\\Local\\ASP.NET\\DataProtection-Keys","EventId":{"Id":63,"Name":"UsingProfileAsKeyRepositoryWithDPAPI"},"SourceContext":"Microsoft.AspNetCore.DataProtection.KeyManagement.XmlKeyManager"}
{"@t":"2026-04-02T06:25:37.1555983Z","@mt":"Now listening on: {address}","address":"http://localhost:5004","EventId":{"Id":14,"Name":"ListeningOnAddress"},"SourceContext":"Microsoft.Hosting.Lifetime"}
{"@t":"2026-04-02T06:25:37.7920182Z","@mt":"Application started. Press Ctrl+C to shut down.","SourceContext":"Microsoft.Hosting.Lifetime"}
{"@t":"2026-04-02T06:25:37.7935870Z","@mt":"Hosting environment: {EnvName}","EnvName":"Development","SourceContext":"Microsoft.Hosting.Lifetime"}
{"@t":"2026-04-02T06:25:38.0648358Z","@mt":"Content root path: {ContentRoot}","ContentRoot":"C:\\Users\\Karan\\Desktop\\JobPortalSystem\\ResumeService","SourceContext":"Microsoft.Hosting.Lifetime"}
{"@t":"2026-04-02T06:25:39.1160780Z","@mt":"Bus started: {HostAddress}","HostAddress":"rabbitmq://localhost/","SourceContext":"MassTransit"}
{"@t":"2026-04-02T06:26:53.8082609Z","@mt":"Configured endpoint {Endpoint}, Consumer: {ConsumerType}","Endpoint":"grant-resume-access","ConsumerType":"ResumeService.Consumers.GrantResumeAccessConsumer","SourceContext":"MassTransit"}
{"@t":"2026-04-02T06:26:54.5694253Z","@mt":"User profile is available. Using '{FullName}' as key repository and Windows DPAPI to encrypt keys at rest.","FullName":"C:\\Users\\Karan\\AppData\\Local\\ASP.NET\\DataProtection-Keys","EventId":{"Id":63,"Name":"UsingProfileAsKeyRepositoryWithDPAPI"},"SourceContext":"Microsoft.AspNetCore.DataProtection.KeyManagement.XmlKeyManager"}
{"@t":"2026-04-02T06:26:56.7362520Z","@mt":"Now listening on: {address}","address":"http://localhost:5004","EventId":{"Id":14,"Name":"ListeningOnAddress"},"SourceContext":"Microsoft.Hosting.Lifetime"}
{"@t":"2026-04-02T06:26:56.9999735Z","@mt":"Application started. Press Ctrl+C to shut down.","SourceContext":"Microsoft.Hosting.Lifetime"}
{"@t":"2026-04-02T06:26:57.0026333Z","@mt":"Hosting environment: {EnvName}","EnvName":"Development","SourceContext":"Microsoft.Hosting.Lifetime"}
{"@t":"2026-04-02T06:26:57.0069366Z","@mt":"Content root path: {ContentRoot}","ContentRoot":"C:\\Users\\Karan\\Desktop\\JobPortalSystem\\ResumeService","SourceContext":"Microsoft.Hosting.Lifetime"}
{"@t":"2026-04-02T06:26:57.0288077Z","@mt":"Bus started: {HostAddress}","HostAddress":"rabbitmq://localhost/","SourceContext":"MassTransit"}
{"@t":"2026-04-02T06:28:51.4599012Z","@mt":"Configured endpoint {Endpoint}, Consumer: {ConsumerType}","Endpoint":"grant-resume-access","ConsumerType":"ResumeService.Consumers.GrantResumeAccessConsumer","SourceContext":"MassTransit"}
{"@t":"2026-04-02T06:28:52.9978313Z","@mt":"User profile is available. Using '{FullName}' as key repository and Windows DPAPI to encrypt keys at rest.","FullName":"C:\\Users\\Karan\\AppData\\Local\\ASP.NET\\DataProtection-Keys","EventId":{"Id":63,"Name":"UsingProfileAsKeyRepositoryWithDPAPI"},"SourceContext":"Microsoft.AspNetCore.DataProtection.KeyManagement.XmlKeyManager"}
{"@t":"2026-04-02T06:28:55.1006313Z","@mt":"Now listening on: {address}","address":"http://localhost:5004","EventId":{"Id":14,"Name":"ListeningOnAddress"},"SourceContext":"Microsoft.Hosting.Lifetime"}
{"@t":"2026-04-02T06:28:55.5225172Z","@mt":"Application started. Press Ctrl+C to shut down.","SourceContext":"Microsoft.Hosting.Lifetime"}
{"@t":"2026-04-02T06:28:55.5288413Z","@mt":"Hosting environment: {EnvName}","EnvName":"Development","SourceContext":"Microsoft.Hosting.Lifetime"}
{"@t":"2026-04-02T06:28:55.5448197Z","@mt":"Content root path: {ContentRoot}","ContentRoot":"C:\\Users\\Karan\\Desktop\\JobPortalSystem\\ResumeService","SourceContext":"Microsoft.Hosting.Lifetime"}
{"@t":"2026-04-02T06:28:55.7715363Z","@mt":"Bus started: {HostAddress}","HostAddress":"rabbitmq://localhost/","SourceContext":"MassTransit"}
{"@t":"2026-04-02T06:44:54.6770275Z","@mt":"Configured endpoint {Endpoint}, Consumer: {ConsumerType}","Endpoint":"grant-resume-access","ConsumerType":"ResumeService.Consumers.GrantResumeAccessConsumer","SourceContext":"MassTransit"}
{"@t":"2026-04-02T06:44:55.8914824Z","@mt":"User profile is available. Using '{FullName}' as key repository and Windows DPAPI to encrypt keys at rest.","FullName":"C:\\Users\\Karan\\AppData\\Local\\ASP.NET\\DataProtection-Keys","EventId":{"Id":63,"Name":"UsingProfileAsKeyRepositoryWithDPAPI"},"SourceContext":"Microsoft.AspNetCore.DataProtection.KeyManagement.XmlKeyManager"}
{"@t":"2026-04-02T06:44:57.4684635Z","@mt":"Now listening on: {address}","address":"http://localhost:5004","EventId":{"Id":14,"Name":"ListeningOnAddress"},"SourceContext":"Microsoft.Hosting.Lifetime"}
{"@t":"2026-04-02T06:44:57.9183948Z","@mt":"Application started. Press Ctrl+C to shut down.","SourceContext":"Microsoft.Hosting.Lifetime"}
{"@t":"2026-04-02T06:44:57.9212525Z","@mt":"Hosting environment: {EnvName}","EnvName":"Development","SourceContext":"Microsoft.Hosting.Lifetime"}
{"@t":"2026-04-02T06:44:57.9270603Z","@mt":"Content root path: {ContentRoot}","ContentRoot":"C:\\Users\\Karan\\Desktop\\JobPortalSystem\\ResumeService","SourceContext":"Microsoft.Hosting.Lifetime"}
{"@t":"2026-04-02T06:44:58.2787783Z","@mt":"Bus started: {HostAddress}","HostAddress":"rabbitmq://localhost/","SourceContext":"MassTransit"}
{"@t":"2026-04-02T07:04:26.3496854Z","@mt":"Configured endpoint {Endpoint}, Consumer: {ConsumerType}","Endpoint":"grant-resume-access","ConsumerType":"ResumeService.Consumers.GrantResumeAccessConsumer","SourceContext":"MassTransit"}
{"@t":"2026-04-02T07:04:27.0952259Z","@mt":"User profile is available. Using '{FullName}' as key repository and Windows DPAPI to encrypt keys at rest.","FullName":"C:\\Users\\Karan\\AppData\\Local\\ASP.NET\\DataProtection-Keys","EventId":{"Id":63,"Name":"UsingProfileAsKeyRepositoryWithDPAPI"},"SourceContext":"Microsoft.AspNetCore.DataProtection.KeyManagement.XmlKeyManager"}
{"@t":"2026-04-02T07:04:28.0250246Z","@mt":"Now listening on: {address}","address":"http://localhost:5004","EventId":{"Id":14,"Name":"ListeningOnAddress"},"SourceContext":"Microsoft.Hosting.Lifetime"}
{"@t":"2026-04-02T07:04:28.3617685Z","@mt":"Application started. Press Ctrl+C to shut down.","SourceContext":"Microsoft.Hosting.Lifetime"}
{"@t":"2026-04-02T07:04:28.3655954Z","@mt":"Hosting environment: {EnvName}","EnvName":"Development","SourceContext":"Microsoft.Hosting.Lifetime"}
{"@t":"2026-04-02T07:04:28.3704862Z","@mt":"Content root path: {ContentRoot}","ContentRoot":"C:\\Users\\Karan\\Desktop\\JobPortalSystem\\ResumeService","SourceContext":"Microsoft.Hosting.Lifetime"}
{"@t":"2026-04-02T07:04:28.4780299Z","@mt":"Bus started: {HostAddress}","HostAddress":"rabbitmq://localhost/","SourceContext":"MassTransit"}
