{"@t":"2026-04-27T06:48:02.0919961Z","@mt":"Configured endpoint {Endpoint}, Consumer: {ConsumerType}","Endpoint":"grant-resume-access","ConsumerType":"ResumeService.Consumers.GrantResumeAccessConsumer","SourceContext":"MassTransit"}
{"@t":"2026-04-27T06:48:04.5739917Z","@mt":"User profile is available. Using '{FullName}' as key repository and Windows DPAPI to encrypt keys at rest.","FullName":"C:\\Users\\Jagriti\\AppData\\Local\\ASP.NET\\DataProtection-Keys","EventId":{"Id":63,"Name":"UsingProfileAsKeyRepositoryWithDPAPI"},"SourceContext":"Microsoft.AspNetCore.DataProtection.KeyManagement.XmlKeyManager"}
{"@t":"2026-04-27T06:48:10.9072474Z","@mt":"Now listening on: {address}","address":"http://localhost:5004","EventId":{"Id":14,"Name":"ListeningOnAddress"},"SourceContext":"Microsoft.Hosting.Lifetime"}
{"@t":"2026-04-27T06:48:11.2393109Z","@mt":"Application started. Press Ctrl+C to shut down.","SourceContext":"Microsoft.Hosting.Lifetime"}
{"@t":"2026-04-27T06:48:11.2849469Z","@mt":"Hosting environment: {EnvName}","EnvName":"Development","SourceContext":"Microsoft.Hosting.Lifetime"}
{"@t":"2026-04-27T06:48:11.2864086Z","@mt":"Content root path: {ContentRoot}","ContentRoot":"C:\\Users\\Jagriti\\Desktop\\Jop Portal\\JobPortalSystem\\ResumeService","SourceContext":"Microsoft.Hosting.Lifetime"}
{"@t":"2026-04-27T06:48:15.7761535Z","@mt":"Bus started: {HostAddress}","HostAddress":"rabbitmq://localhost/","SourceContext":"MassTransit"}
{"@t":"2026-04-27T07:25:46.2456846Z","@mt":"Configured endpoint {Endpoint}, Consumer: {ConsumerType}","Endpoint":"grant-resume-access","ConsumerType":"ResumeService.Consumers.GrantResumeAccessConsumer","SourceContext":"MassTransit"}
{"@t":"2026-04-27T07:25:46.6947782Z","@mt":"User profile is available. Using '{FullName}' as key repository and Windows DPAPI to encrypt keys at rest.","FullName":"C:\\Users\\Jagriti\\AppData\\Local\\ASP.NET\\DataProtection-Keys","EventId":{"Id":63,"Name":"UsingProfileAsKeyRepositoryWithDPAPI"},"SourceContext":"Microsoft.AspNetCore.DataProtection.KeyManagement.XmlKeyManager"}
{"@t":"2026-04-27T07:25:47.6746107Z","@mt":"Now listening on: {address}","address":"http://localhost:5004","EventId":{"Id":14,"Name":"ListeningOnAddress"},"SourceContext":"Microsoft.Hosting.Lifetime"}
{"@t":"2026-04-27T07:25:47.9406846Z","@mt":"Application started. Press Ctrl+C to shut down.","SourceContext":"Microsoft.Hosting.Lifetime"}
{"@t":"2026-04-27T07:25:48.0715031Z","@mt":"Hosting environment: {EnvName}","EnvName":"Development","SourceContext":"Microsoft.Hosting.Lifetime"}
{"@t":"2026-04-27T07:25:48.0727765Z","@mt":"Content root path: {ContentRoot}","ContentRoot":"C:\\Users\\Jagriti\\Desktop\\Jop Portal\\JobPortalSystem\\ResumeService","SourceContext":"Microsoft.Hosting.Lifetime"}
{"@t":"2026-04-27T07:25:48.7229074Z","@mt":"Bus started: {HostAddress}","HostAddress":"rabbitmq://localhost/","SourceContext":"MassTransit"}
{"@t":"2026-04-27T08:19:07.6685673Z","@mt":"Configured endpoint {Endpoint}, Consumer: {ConsumerType}","Endpoint":"grant-resume-access","ConsumerType":"ResumeService.Consumers.GrantResumeAccessConsumer","SourceContext":"MassTransit"}
{"@t":"2026-04-27T08:19:08.3117493Z","@mt":"User profile is available. Using '{FullName}' as key repository and Windows DPAPI to encrypt keys at rest.","FullName":"C:\\Users\\Jagriti\\AppData\\Local\\ASP.NET\\DataProtection-Keys","EventId":{"Id":63,"Name":"UsingProfileAsKeyRepositoryWithDPAPI"},"SourceContext":"Microsoft.AspNetCore.DataProtection.KeyManagement.XmlKeyManager"}
{"@t":"2026-04-27T08:19:09.5858128Z","@mt":"Now listening on: {address}","address":"http://localhost:5004","EventId":{"Id":14,"Name":"ListeningOnAddress"},"SourceContext":"Microsoft.Hosting.Lifetime"}
{"@t":"2026-04-27T08:19:09.9513963Z","@mt":"Application started. Press Ctrl+C to shut down.","SourceContext":"Microsoft.Hosting.Lifetime"}
{"@t":"2026-04-27T08:19:09.9525869Z","@mt":"Hosting environment: {EnvName}","EnvName":"Development","SourceContext":"Microsoft.Hosting.Lifetime"}
{"@t":"2026-04-27T08:19:09.9662027Z","@mt":"Content root path: {ContentRoot}","ContentRoot":"C:\\Users\\Jagriti\\Desktop\\Jop Portal\\JobPortalSystem\\ResumeService","SourceContext":"Microsoft.Hosting.Lifetime"}
{"@t":"2026-04-27T08:19:10.4303155Z","@mt":"Bus started: {HostAddress}","HostAddress":"rabbitmq://localhost/","SourceContext":"MassTransit"}
{"@t":"2026-04-27T08:20:44.3149359Z","@mt":"Configured endpoint {Endpoint}, Consumer: {ConsumerType}","Endpoint":"grant-resume-access","ConsumerType":"ResumeService.Consumers.GrantResumeAccessConsumer","SourceContext":"MassTransit"}
{"@t":"2026-04-27T08:20:44.7008889Z","@mt":"User profile is available. Using '{FullName}' as key repository and Windows DPAPI to encrypt keys at rest.","FullName":"C:\\Users\\Jagriti\\AppData\\Local\\ASP.NET\\DataProtection-Keys","EventId":{"Id":63,"Name":"UsingProfileAsKeyRepositoryWithDPAPI"},"SourceContext":"Microsoft.AspNetCore.DataProtection.KeyManagement.XmlKeyManager"}
{"@t":"2026-04-27T08:25:41.6957129Z","@mt":"Configured endpoint {Endpoint}, Consumer: {ConsumerType}","Endpoint":"grant-resume-access","ConsumerType":"ResumeService.Consumers.GrantResumeAccessConsumer","SourceContext":"MassTransit"}
{"@t":"2026-04-27T08:25:42.9064324Z","@mt":"User profile is available. Using '{FullName}' as key repository and Windows DPAPI to encrypt keys at rest.","FullName":"C:\\Users\\Jagriti\\AppData\\Local\\ASP.NET\\DataProtection-Keys","EventId":{"Id":63,"Name":"UsingProfileAsKeyRepositoryWithDPAPI"},"SourceContext":"Microsoft.AspNetCore.DataProtection.KeyManagement.XmlKeyManager"}
{"@t":"2026-04-27T08:25:45.4317129Z","@mt":"Now listening on: {address}","address":"http://localhost:5004","EventId":{"Id":14,"Name":"ListeningOnAddress"},"SourceContext":"Microsoft.Hosting.Lifetime"}
{"@t":"2026-04-27T08:25:45.8128227Z","@mt":"Application started. Press Ctrl+C to shut down.","SourceContext":"Microsoft.Hosting.Lifetime"}
{"@t":"2026-04-27T08:25:45.8288351Z","@mt":"Hosting environment: {EnvName}","EnvName":"Development","SourceContext":"Microsoft.Hosting.Lifetime"}
{"@t":"2026-04-27T08:25:45.8292660Z","@mt":"Content root path: {ContentRoot}","ContentRoot":"C:\\Users\\Jagriti\\Desktop\\Jop Portal\\JobPortalSystem\\ResumeService","SourceContext":"Microsoft.Hosting.Lifetime"}
{"@t":"2026-04-27T08:25:46.1002199Z","@mt":"Bus started: {HostAddress}","HostAddress":"rabbitmq://localhost/","SourceContext":"MassTransit"}
{"@t":"2026-04-27T08:30:26.4298219Z","@mt":"Configured endpoint {Endpoint}, Consumer: {ConsumerType}","Endpoint":"grant-resume-access","ConsumerType":"ResumeService.Consumers.GrantResumeAccessConsumer","SourceContext":"MassTransit"}
{"@t":"2026-04-27T08:30:28.0519812Z","@mt":"User profile is available. Using '{FullName}' as key repository and Windows DPAPI to encrypt keys at rest.","FullName":"C:\\Users\\Jagriti\\AppData\\Local\\ASP.NET\\DataProtection-Keys","EventId":{"Id":63,"Name":"UsingProfileAsKeyRepositoryWithDPAPI"},"SourceContext":"Microsoft.AspNetCore.DataProtection.KeyManagement.XmlKeyManager"}
{"@t":"2026-04-27T08:30:31.6647646Z","@mt":"Now listening on: {address}","address":"http://localhost:5004","EventId":{"Id":14,"Name":"ListeningOnAddress"},"SourceContext":"Microsoft.Hosting.Lifetime"}
{"@t":"2026-04-27T08:30:32.2176338Z","@mt":"Application started. Press Ctrl+C to shut down.","SourceContext":"Microsoft.Hosting.Lifetime"}
{"@t":"2026-04-27T08:30:32.2294548Z","@mt":"Hosting environment: {EnvName}","EnvName":"Development","SourceContext":"Microsoft.Hosting.Lifetime"}
{"@t":"2026-04-27T08:30:32.5554511Z","@mt":"Content root path: {ContentRoot}","ContentRoot":"C:\\Users\\Jagriti\\Desktop\\Jop Portal\\JobPortalSystem\\ResumeService","SourceContext":"Microsoft.Hosting.Lifetime"}
{"@t":"2026-04-27T08:30:33.7871607Z","@mt":"Bus started: {HostAddress}","HostAddress":"rabbitmq://localhost/","SourceContext":"MassTransit"}
