{"@t":"2026-04-13T06:05:58.1452404Z","@mt":"Configured endpoint {Endpoint}, Consumer: {ConsumerType}","Endpoint":"grant-resume-access","ConsumerType":"ResumeService.Consumers.GrantResumeAccessConsumer","SourceContext":"MassTransit"}
{"@t":"2026-04-13T06:06:01.6134560Z","@mt":"User profile is available. Using '{FullName}' as key repository and Windows DPAPI to encrypt keys at rest.","FullName":"C:\\Users\\Karan\\AppData\\Local\\ASP.NET\\DataProtection-Keys","EventId":{"Id":63,"Name":"UsingProfileAsKeyRepositoryWithDPAPI"},"SourceContext":"Microsoft.AspNetCore.DataProtection.KeyManagement.XmlKeyManager"}
{"@t":"2026-04-13T06:06:03.7407558Z","@mt":"Now listening on: {address}","address":"http://localhost:5004","EventId":{"Id":14,"Name":"ListeningOnAddress"},"SourceContext":"Microsoft.Hosting.Lifetime"}
{"@t":"2026-04-13T06:06:04.1776314Z","@mt":"Application started. Press Ctrl+C to shut down.","SourceContext":"Microsoft.Hosting.Lifetime"}
{"@t":"2026-04-13T06:06:04.2278972Z","@mt":"Hosting environment: {EnvName}","EnvName":"Development","SourceContext":"Microsoft.Hosting.Lifetime"}
{"@t":"2026-04-13T06:06:04.2449300Z","@mt":"Content root path: {ContentRoot}","ContentRoot":"C:\\Users\\Karan\\Desktop\\Jop Portal\\JobPortalSystem\\ResumeService","SourceContext":"Microsoft.Hosting.Lifetime"}
{"@t":"2026-04-13T06:06:07.6619960Z","@mt":"Bus started: {HostAddress}","HostAddress":"rabbitmq://localhost/","SourceContext":"MassTransit"}
{"@t":"2026-04-13T07:12:19.4614262Z","@mt":"Configured endpoint {Endpoint}, Consumer: {ConsumerType}","Endpoint":"grant-resume-access","ConsumerType":"ResumeService.Consumers.GrantResumeAccessConsumer","SourceContext":"MassTransit"}
{"@t":"2026-04-13T07:12:20.6750900Z","@mt":"User profile is available. Using '{FullName}' as key repository and Windows DPAPI to encrypt keys at rest.","FullName":"C:\\Users\\Karan\\AppData\\Local\\ASP.NET\\DataProtection-Keys","EventId":{"Id":63,"Name":"UsingProfileAsKeyRepositoryWithDPAPI"},"SourceContext":"Microsoft.AspNetCore.DataProtection.KeyManagement.XmlKeyManager"}
{"@t":"2026-04-13T07:12:22.2893492Z","@mt":"Now listening on: {address}","address":"http://localhost:5004","EventId":{"Id":14,"Name":"ListeningOnAddress"},"SourceContext":"Microsoft.Hosting.Lifetime"}
{"@t":"2026-04-13T07:12:22.6705261Z","@mt":"Application started. Press Ctrl+C to shut down.","SourceContext":"Microsoft.Hosting.Lifetime"}
{"@t":"2026-04-13T07:12:22.6772436Z","@mt":"Hosting environment: {EnvName}","EnvName":"Development","SourceContext":"Microsoft.Hosting.Lifetime"}
{"@t":"2026-04-13T07:12:22.6828054Z","@mt":"Content root path: {ContentRoot}","ContentRoot":"C:\\Users\\Karan\\Desktop\\Jop Portal\\JobPortalSystem\\ResumeService","SourceContext":"Microsoft.Hosting.Lifetime"}
{"@t":"2026-04-13T07:12:22.9571549Z","@mt":"Bus started: {HostAddress}","HostAddress":"rabbitmq://localhost/","SourceContext":"MassTransit"}
{"@t":"2026-04-13T07:14:19.9561282Z","@mt":"Configured endpoint {Endpoint}, Consumer: {ConsumerType}","Endpoint":"grant-resume-access","ConsumerType":"ResumeService.Consumers.GrantResumeAccessConsumer","SourceContext":"MassTransit"}
{"@t":"2026-04-13T07:14:21.2730922Z","@mt":"User profile is available. Using '{FullName}' as key repository and Windows DPAPI to encrypt keys at rest.","FullName":"C:\\Users\\Karan\\AppData\\Local\\ASP.NET\\DataProtection-Keys","EventId":{"Id":63,"Name":"UsingProfileAsKeyRepositoryWithDPAPI"},"SourceContext":"Microsoft.AspNetCore.DataProtection.KeyManagement.XmlKeyManager"}
{"@t":"2026-04-13T07:14:23.3027157Z","@mt":"Now listening on: {address}","address":"http://localhost:5004","EventId":{"Id":14,"Name":"ListeningOnAddress"},"SourceContext":"Microsoft.Hosting.Lifetime"}
{"@t":"2026-04-13T07:14:24.1382238Z","@mt":"Bus started: {HostAddress}","HostAddress":"rabbitmq://localhost/","SourceContext":"MassTransit"}
{"@t":"2026-04-13T07:14:24.1419328Z","@mt":"Application started. Press Ctrl+C to shut down.","SourceContext":"Microsoft.Hosting.Lifetime"}
{"@t":"2026-04-13T07:14:24.1466430Z","@mt":"Hosting environment: {EnvName}","EnvName":"Development","SourceContext":"Microsoft.Hosting.Lifetime"}
{"@t":"2026-04-13T07:14:24.1578287Z","@mt":"Content root path: {ContentRoot}","ContentRoot":"C:\\Users\\Karan\\Desktop\\Jop Portal\\JobPortalSystem\\ResumeService","SourceContext":"Microsoft.Hosting.Lifetime"}
{"@t":"2026-04-13T17:58:52.6793954Z","@mt":"Configured endpoint {Endpoint}, Consumer: {ConsumerType}","Endpoint":"grant-resume-access","ConsumerType":"ResumeService.Consumers.GrantResumeAccessConsumer","SourceContext":"MassTransit"}
{"@t":"2026-04-13T17:58:53.4466400Z","@mt":"User profile is available. Using '{FullName}' as key repository and Windows DPAPI to encrypt keys at rest.","FullName":"C:\\Users\\Karan\\AppData\\Local\\ASP.NET\\DataProtection-Keys","EventId":{"Id":63,"Name":"UsingProfileAsKeyRepositoryWithDPAPI"},"SourceContext":"Microsoft.AspNetCore.DataProtection.KeyManagement.XmlKeyManager"}
{"@t":"2026-04-13T17:58:54.6548651Z","@mt":"Now listening on: {address}","address":"http://localhost:5004","EventId":{"Id":14,"Name":"ListeningOnAddress"},"SourceContext":"Microsoft.Hosting.Lifetime"}
{"@t":"2026-04-13T17:58:55.1225349Z","@mt":"Application started. Press Ctrl+C to shut down.","SourceContext":"Microsoft.Hosting.Lifetime"}
{"@t":"2026-04-13T17:58:55.1339979Z","@mt":"Hosting environment: {EnvName}","EnvName":"Development","SourceContext":"Microsoft.Hosting.Lifetime"}
{"@t":"2026-04-13T17:58:55.1604829Z","@mt":"Content root path: {ContentRoot}","ContentRoot":"C:\\Users\\Karan\\Desktop\\Jop Portal\\JobPortalSystem\\ResumeService","SourceContext":"Microsoft.Hosting.Lifetime"}
{"@t":"2026-04-13T17:58:55.3970189Z","@mt":"Bus started: {HostAddress}","HostAddress":"rabbitmq://localhost/","SourceContext":"MassTransit"}
{"@t":"2026-04-13T18:12:41.5527161Z","@mt":"Configured endpoint {Endpoint}, Consumer: {ConsumerType}","Endpoint":"grant-resume-access","ConsumerType":"ResumeService.Consumers.GrantResumeAccessConsumer","SourceContext":"MassTransit"}
{"@t":"2026-04-13T18:12:42.4711487Z","@mt":"User profile is available. Using '{FullName}' as key repository and Windows DPAPI to encrypt keys at rest.","FullName":"C:\\Users\\Karan\\AppData\\Local\\ASP.NET\\DataProtection-Keys","EventId":{"Id":63,"Name":"UsingProfileAsKeyRepositoryWithDPAPI"},"SourceContext":"Microsoft.AspNetCore.DataProtection.KeyManagement.XmlKeyManager"}
{"@t":"2026-04-13T18:12:43.4471404Z","@mt":"Now listening on: {address}","address":"http://localhost:5004","EventId":{"Id":14,"Name":"ListeningOnAddress"},"SourceContext":"Microsoft.Hosting.Lifetime"}
{"@t":"2026-04-13T18:12:44.0111844Z","@mt":"Application started. Press Ctrl+C to shut down.","SourceContext":"Microsoft.Hosting.Lifetime"}
{"@t":"2026-04-13T18:12:44.0134915Z","@mt":"Hosting environment: {EnvName}","EnvName":"Development","SourceContext":"Microsoft.Hosting.Lifetime"}
{"@t":"2026-04-13T18:12:44.0144054Z","@mt":"Content root path: {ContentRoot}","ContentRoot":"C:\\Users\\Karan\\Desktop\\Jop Portal\\JobPortalSystem\\ResumeService","SourceContext":"Microsoft.Hosting.Lifetime"}
{"@t":"2026-04-13T18:12:44.3586168Z","@mt":"Bus started: {HostAddress}","HostAddress":"rabbitmq://localhost/","SourceContext":"MassTransit"}
{"@t":"2026-04-13T18:16:26.9563330Z","@mt":"Configured endpoint {Endpoint}, Consumer: {ConsumerType}","Endpoint":"grant-resume-access","ConsumerType":"ResumeService.Consumers.GrantResumeAccessConsumer","SourceContext":"MassTransit"}
{"@t":"2026-04-13T18:16:27.6819006Z","@mt":"User profile is available. Using '{FullName}' as key repository and Windows DPAPI to encrypt keys at rest.","FullName":"C:\\Users\\Karan\\AppData\\Local\\ASP.NET\\DataProtection-Keys","EventId":{"Id":63,"Name":"UsingProfileAsKeyRepositoryWithDPAPI"},"SourceContext":"Microsoft.AspNetCore.DataProtection.KeyManagement.XmlKeyManager"}
{"@t":"2026-04-13T18:16:28.9537704Z","@mt":"Now listening on: {address}","address":"http://localhost:5004","EventId":{"Id":14,"Name":"ListeningOnAddress"},"SourceContext":"Microsoft.Hosting.Lifetime"}
{"@t":"2026-04-13T18:16:29.4670114Z","@mt":"Application started. Press Ctrl+C to shut down.","SourceContext":"Microsoft.Hosting.Lifetime"}
{"@t":"2026-04-13T18:16:29.4788633Z","@mt":"Hosting environment: {EnvName}","EnvName":"Development","SourceContext":"Microsoft.Hosting.Lifetime"}
{"@t":"2026-04-13T18:16:29.4823995Z","@mt":"Content root path: {ContentRoot}","ContentRoot":"C:\\Users\\Karan\\Desktop\\Jop Portal\\JobPortalSystem\\ResumeService","SourceContext":"Microsoft.Hosting.Lifetime"}
{"@t":"2026-04-13T18:16:29.5075234Z","@mt":"Bus started: {HostAddress}","HostAddress":"rabbitmq://localhost/","SourceContext":"MassTransit"}
{"@t":"2026-04-13T18:23:18.4734282Z","@mt":"Configured endpoint {Endpoint}, Consumer: {ConsumerType}","Endpoint":"grant-resume-access","ConsumerType":"ResumeService.Consumers.GrantResumeAccessConsumer","SourceContext":"MassTransit"}
{"@t":"2026-04-13T18:23:19.9610982Z","@mt":"User profile is available. Using '{FullName}' as key repository and Windows DPAPI to encrypt keys at rest.","FullName":"C:\\Users\\Karan\\AppData\\Local\\ASP.NET\\DataProtection-Keys","EventId":{"Id":63,"Name":"UsingProfileAsKeyRepositoryWithDPAPI"},"SourceContext":"Microsoft.AspNetCore.DataProtection.KeyManagement.XmlKeyManager"}
{"@t":"2026-04-13T18:23:21.8208724Z","@mt":"Now listening on: {address}","address":"http://localhost:5004","EventId":{"Id":14,"Name":"ListeningOnAddress"},"SourceContext":"Microsoft.Hosting.Lifetime"}
{"@t":"2026-04-13T18:23:22.2296101Z","@mt":"Application started. Press Ctrl+C to shut down.","SourceContext":"Microsoft.Hosting.Lifetime"}
{"@t":"2026-04-13T18:23:22.2343227Z","@mt":"Hosting environment: {EnvName}","EnvName":"Development","SourceContext":"Microsoft.Hosting.Lifetime"}
{"@t":"2026-04-13T18:23:22.2398360Z","@mt":"Content root path: {ContentRoot}","ContentRoot":"C:\\Users\\Karan\\Desktop\\Jop Portal\\JobPortalSystem\\ResumeService","SourceContext":"Microsoft.Hosting.Lifetime"}
{"@t":"2026-04-13T18:23:22.4646588Z","@mt":"Bus started: {HostAddress}","HostAddress":"rabbitmq://localhost/","SourceContext":"MassTransit"}
