{"@t":"2026-04-01T04:20:13.4243722Z","@mt":"User profile is available. Using '{FullName}' as key repository and Windows DPAPI to encrypt keys at rest.","FullName":"C:\\Users\\Karan\\AppData\\Local\\ASP.NET\\DataProtection-Keys","EventId":{"Id":63,"Name":"UsingProfileAsKeyRepositoryWithDPAPI"},"SourceContext":"Microsoft.AspNetCore.DataProtection.KeyManagement.XmlKeyManager"}
{"@t":"2026-04-01T04:20:13.7132117Z","@mt":"Now listening on: {address}","address":"http://localhost:5003","EventId":{"Id":14,"Name":"ListeningOnAddress"},"SourceContext":"Microsoft.Hosting.Lifetime"}
{"@t":"2026-04-01T04:20:13.9502494Z","@mt":"Application started. Press Ctrl+C to shut down.","SourceContext":"Microsoft.Hosting.Lifetime"}
{"@t":"2026-04-01T04:20:13.9508798Z","@mt":"Hosting environment: {EnvName}","EnvName":"Development","SourceContext":"Microsoft.Hosting.Lifetime"}
{"@t":"2026-04-01T04:20:13.9511348Z","@mt":"Content root path: {ContentRoot}","ContentRoot":"C:\\Sprint Job Portal Github Remote\\Job_Portal_Sprint\\JobPortalSystem\\ApplicationService","SourceContext":"Microsoft.Hosting.Lifetime"}
{"@t":"2026-04-01T04:39:58.6123807Z","@mt":"User profile is available. Using '{FullName}' as key repository and Windows DPAPI to encrypt keys at rest.","FullName":"C:\\Users\\Karan\\AppData\\Local\\ASP.NET\\DataProtection-Keys","EventId":{"Id":63,"Name":"UsingProfileAsKeyRepositoryWithDPAPI"},"SourceContext":"Microsoft.AspNetCore.DataProtection.KeyManagement.XmlKeyManager"}
{"@t":"2026-04-01T04:39:59.0282417Z","@mt":"Now listening on: {address}","address":"http://localhost:5003","EventId":{"Id":14,"Name":"ListeningOnAddress"},"SourceContext":"Microsoft.Hosting.Lifetime"}
{"@t":"2026-04-01T04:39:59.1419404Z","@mt":"Application started. Press Ctrl+C to shut down.","SourceContext":"Microsoft.Hosting.Lifetime"}
{"@t":"2026-04-01T04:39:59.1501556Z","@mt":"Hosting environment: {EnvName}","EnvName":"Development","SourceContext":"Microsoft.Hosting.Lifetime"}
{"@t":"2026-04-01T04:39:59.1667432Z","@mt":"Content root path: {ContentRoot}","ContentRoot":"C:\\Sprint Job Portal Github Remote\\Job_Portal_Sprint\\JobPortalSystem\\ApplicationService","SourceContext":"Microsoft.Hosting.Lifetime"}
{"@t":"2026-04-01T04:46:39.4287425Z","@mt":"User profile is available. Using '{FullName}' as key repository and Windows DPAPI to encrypt keys at rest.","FullName":"C:\\Users\\Karan\\AppData\\Local\\ASP.NET\\DataProtection-Keys","EventId":{"Id":63,"Name":"UsingProfileAsKeyRepositoryWithDPAPI"},"SourceContext":"Microsoft.AspNetCore.DataProtection.KeyManagement.XmlKeyManager"}
{"@t":"2026-04-01T04:46:39.9801672Z","@mt":"Now listening on: {address}","address":"http://localhost:5003","EventId":{"Id":14,"Name":"ListeningOnAddress"},"SourceContext":"Microsoft.Hosting.Lifetime"}
{"@t":"2026-04-01T04:46:40.1390091Z","@mt":"Application started. Press Ctrl+C to shut down.","SourceContext":"Microsoft.Hosting.Lifetime"}
{"@t":"2026-04-01T04:46:40.1436455Z","@mt":"Hosting environment: {EnvName}","EnvName":"Development","SourceContext":"Microsoft.Hosting.Lifetime"}
{"@t":"2026-04-01T04:46:40.1448343Z","@mt":"Content root path: {ContentRoot}","ContentRoot":"C:\\Sprint Job Portal Github Remote\\Job_Portal_Sprint\\JobPortalSystem\\ApplicationService","SourceContext":"Microsoft.Hosting.Lifetime"}
{"@t":"2026-04-01T10:01:34.9101368Z","@mt":"User profile is available. Using '{FullName}' as key repository and Windows DPAPI to encrypt keys at rest.","FullName":"C:\\Users\\Karan\\AppData\\Local\\ASP.NET\\DataProtection-Keys","EventId":{"Id":63,"Name":"UsingProfileAsKeyRepositoryWithDPAPI"},"SourceContext":"Microsoft.AspNetCore.DataProtection.KeyManagement.XmlKeyManager"}
{"@t":"2026-04-01T10:01:35.2826361Z","@mt":"Now listening on: {address}","address":"http://localhost:5003","EventId":{"Id":14,"Name":"ListeningOnAddress"},"SourceContext":"Microsoft.Hosting.Lifetime"}
{"@t":"2026-04-01T10:01:35.3815169Z","@mt":"Application started. Press Ctrl+C to shut down.","SourceContext":"Microsoft.Hosting.Lifetime"}
{"@t":"2026-04-01T10:01:35.3843264Z","@mt":"Hosting environment: {EnvName}","EnvName":"Development","SourceContext":"Microsoft.Hosting.Lifetime"}
{"@t":"2026-04-01T10:01:35.3870489Z","@mt":"Content root path: {ContentRoot}","ContentRoot":"C:\\Users\\Karan\\Desktop\\JobPortalSystem\\ApplicationService","SourceContext":"Microsoft.Hosting.Lifetime"}
