{"@t":"2026-04-05T09:30:34.1849073Z","@mt":"Configured endpoint {Endpoint}, Consumer: {ConsumerType}","Endpoint":"deduct-points","ConsumerType":"PaymentService.Consumers.DeductPointsConsumer","SourceContext":"MassTransit"}
{"@t":"2026-04-05T09:30:34.3234537Z","@mt":"Configured endpoint {Endpoint}, Consumer: {ConsumerType}","Endpoint":"refund-points","ConsumerType":"PaymentService.Consumers.RefundPointsConsumer","SourceContext":"MassTransit"}
{"@t":"2026-04-05T09:30:34.5206089Z","@mt":"Configured endpoint {Endpoint}, Saga: {SagaType}, State Machine: {StateMachineType}","Endpoint":"unlock-resume-saga","SagaType":"PaymentService.Data.Entities.UnlockResumeSagaState","StateMachineType":"PaymentService.Sagas.UnlockResumeSaga","SourceContext":"MassTransit"}
{"@t":"2026-04-05T09:30:35.0134379Z","@mt":"User profile is available. Using '{FullName}' as key repository and Windows DPAPI to encrypt keys at rest.","FullName":"C:\\Users\\Karan\\AppData\\Local\\ASP.NET\\DataProtection-Keys","EventId":{"Id":63,"Name":"UsingProfileAsKeyRepositoryWithDPAPI"},"SourceContext":"Microsoft.AspNetCore.DataProtection.KeyManagement.XmlKeyManager"}
{"@t":"2026-04-05T09:30:37.0939567Z","@mt":"No store type was specified for the decimal property '{property}' on entity type '{entityType}'. This will cause values to be silently truncated if they do not fit in the default precision and scale. Explicitly specify the SQL server column type that can accommodate all the values in 'OnModelCreating' using 'HasColumnType', specify precision and scale using 'HasPrecision', or configure a value converter using 'HasConversion'.","@l":"Warning","property":"AmountPaid","entityType":"Transaction","EventId":{"Id":30000,"Name":"Microsoft.EntityFrameworkCore.Model.Validation.DecimalTypeDefaultWarning"},"SourceContext":"Microsoft.EntityFrameworkCore.Model.Validation"}
{"@t":"2026-04-05T09:30:43.6217583Z","@mt":"Executed DbCommand ({elapsed}ms) [Parameters=[{parameters}], CommandType='{commandType}', CommandTimeout='{commandTimeout}']{newLine}{commandText}","elapsed":"1,251","parameters":"","commandType":"Text","commandTimeout":30,"newLine":"\r\n","commandText":"SELECT CASE\r\n    WHEN EXISTS (\r\n        SELECT 1\r\n        FROM [PointsDeductionRules] AS [p]) THEN CAST(1 AS bit)\r\n    ELSE CAST(0 AS bit)\r\nEND","EventId":{"Id":20101,"Name":"Microsoft.EntityFrameworkCore.Database.Command.CommandExecuted"},"SourceContext":"Microsoft.EntityFrameworkCore.Database.Command"}
{"@t":"2026-04-05T09:30:44.4532518Z","@mt":"Now listening on: {address}","address":"http://localhost:5005","EventId":{"Id":14,"Name":"ListeningOnAddress"},"SourceContext":"Microsoft.Hosting.Lifetime"}
{"@t":"2026-04-05T09:30:44.6203069Z","@mt":"Application started. Press Ctrl+C to shut down.","SourceContext":"Microsoft.Hosting.Lifetime"}
{"@t":"2026-04-05T09:30:44.6212151Z","@mt":"Hosting environment: {EnvName}","EnvName":"Development","SourceContext":"Microsoft.Hosting.Lifetime"}
{"@t":"2026-04-05T09:30:44.6214968Z","@mt":"Content root path: {ContentRoot}","ContentRoot":"C:\\Users\\Karan\\Desktop\\JobPortalSystem\\PaymentService","SourceContext":"Microsoft.Hosting.Lifetime"}
{"@t":"2026-04-05T09:30:44.7123714Z","@mt":"Bus started: {HostAddress}","HostAddress":"rabbitmq://localhost/","SourceContext":"MassTransit"}
{"@t":"2026-04-05T16:16:43.5093797Z","@mt":"Configured endpoint {Endpoint}, Consumer: {ConsumerType}","Endpoint":"deduct-points","ConsumerType":"PaymentService.Consumers.DeductPointsConsumer","SourceContext":"MassTransit"}
{"@t":"2026-04-05T16:16:44.0610555Z","@mt":"Configured endpoint {Endpoint}, Consumer: {ConsumerType}","Endpoint":"refund-points","ConsumerType":"PaymentService.Consumers.RefundPointsConsumer","SourceContext":"MassTransit"}
{"@t":"2026-04-05T16:16:44.9830628Z","@mt":"Configured endpoint {Endpoint}, Saga: {SagaType}, State Machine: {StateMachineType}","Endpoint":"unlock-resume-saga","SagaType":"PaymentService.Data.Entities.UnlockResumeSagaState","StateMachineType":"PaymentService.Sagas.UnlockResumeSaga","SourceContext":"MassTransit"}
{"@t":"2026-04-05T16:16:47.5727902Z","@mt":"User profile is available. Using '{FullName}' as key repository and Windows DPAPI to encrypt keys at rest.","FullName":"C:\\Users\\Karan\\AppData\\Local\\ASP.NET\\DataProtection-Keys","EventId":{"Id":63,"Name":"UsingProfileAsKeyRepositoryWithDPAPI"},"SourceContext":"Microsoft.AspNetCore.DataProtection.KeyManagement.XmlKeyManager"}
{"@t":"2026-04-05T16:16:51.4226367Z","@mt":"No store type was specified for the decimal property '{property}' on entity type '{entityType}'. This will cause values to be silently truncated if they do not fit in the default precision and scale. Explicitly specify the SQL server column type that can accommodate all the values in 'OnModelCreating' using 'HasColumnType', specify precision and scale using 'HasPrecision', or configure a value converter using 'HasConversion'.","@l":"Warning","property":"AmountPaid","entityType":"Transaction","EventId":{"Id":30000,"Name":"Microsoft.EntityFrameworkCore.Model.Validation.DecimalTypeDefaultWarning"},"SourceContext":"Microsoft.EntityFrameworkCore.Model.Validation"}
{"@t":"2026-04-05T16:16:54.2862780Z","@mt":"Executed DbCommand ({elapsed}ms) [Parameters=[{parameters}], CommandType='{commandType}', CommandTimeout='{commandTimeout}']{newLine}{commandText}","elapsed":"249","parameters":"","commandType":"Text","commandTimeout":30,"newLine":"\r\n","commandText":"SELECT CASE\r\n    WHEN EXISTS (\r\n        SELECT 1\r\n        FROM [PointsDeductionRules] AS [p]) THEN CAST(1 AS bit)\r\n    ELSE CAST(0 AS bit)\r\nEND","EventId":{"Id":20101,"Name":"Microsoft.EntityFrameworkCore.Database.Command.CommandExecuted"},"SourceContext":"Microsoft.EntityFrameworkCore.Database.Command"}
{"@t":"2026-04-05T16:16:54.9908901Z","@mt":"Now listening on: {address}","address":"http://localhost:5005","EventId":{"Id":14,"Name":"ListeningOnAddress"},"SourceContext":"Microsoft.Hosting.Lifetime"}
{"@t":"2026-04-05T16:16:55.1897324Z","@mt":"Application started. Press Ctrl+C to shut down.","SourceContext":"Microsoft.Hosting.Lifetime"}
{"@t":"2026-04-05T16:16:55.1940108Z","@mt":"Hosting environment: {EnvName}","EnvName":"Development","SourceContext":"Microsoft.Hosting.Lifetime"}
{"@t":"2026-04-05T16:16:55.1968628Z","@mt":"Content root path: {ContentRoot}","ContentRoot":"C:\\Users\\Karan\\Desktop\\JobPortalSystem\\PaymentService","SourceContext":"Microsoft.Hosting.Lifetime"}
{"@t":"2026-04-05T16:16:55.2168184Z","@mt":"Bus started: {HostAddress}","HostAddress":"rabbitmq://localhost/","SourceContext":"MassTransit"}
{"@t":"2026-04-05T16:29:50.4724892Z","@mt":"Configured endpoint {Endpoint}, Consumer: {ConsumerType}","Endpoint":"deduct-points","ConsumerType":"PaymentService.Consumers.DeductPointsConsumer","SourceContext":"MassTransit"}
{"@t":"2026-04-05T16:29:50.5418034Z","@mt":"Configured endpoint {Endpoint}, Consumer: {ConsumerType}","Endpoint":"refund-points","ConsumerType":"PaymentService.Consumers.RefundPointsConsumer","SourceContext":"MassTransit"}
{"@t":"2026-04-05T16:29:50.7258365Z","@mt":"Configured endpoint {Endpoint}, Saga: {SagaType}, State Machine: {StateMachineType}","Endpoint":"unlock-resume-saga","SagaType":"PaymentService.Data.Entities.UnlockResumeSagaState","StateMachineType":"PaymentService.Sagas.UnlockResumeSaga","SourceContext":"MassTransit"}
{"@t":"2026-04-05T16:29:51.1317650Z","@mt":"User profile is available. Using '{FullName}' as key repository and Windows DPAPI to encrypt keys at rest.","FullName":"C:\\Users\\Karan\\AppData\\Local\\ASP.NET\\DataProtection-Keys","EventId":{"Id":63,"Name":"UsingProfileAsKeyRepositoryWithDPAPI"},"SourceContext":"Microsoft.AspNetCore.DataProtection.KeyManagement.XmlKeyManager"}
{"@t":"2026-04-05T16:29:53.2374590Z","@mt":"No store type was specified for the decimal property '{property}' on entity type '{entityType}'. This will cause values to be silently truncated if they do not fit in the default precision and scale. Explicitly specify the SQL server column type that can accommodate all the values in 'OnModelCreating' using 'HasColumnType', specify precision and scale using 'HasPrecision', or configure a value converter using 'HasConversion'.","@l":"Warning","property":"AmountPaid","entityType":"Transaction","EventId":{"Id":30000,"Name":"Microsoft.EntityFrameworkCore.Model.Validation.DecimalTypeDefaultWarning"},"SourceContext":"Microsoft.EntityFrameworkCore.Model.Validation"}
{"@t":"2026-04-05T16:29:55.5947720Z","@mt":"Executed DbCommand ({elapsed}ms) [Parameters=[{parameters}], CommandType='{commandType}', CommandTimeout='{commandTimeout}']{newLine}{commandText}","elapsed":"308","parameters":"","commandType":"Text","commandTimeout":30,"newLine":"\r\n","commandText":"SELECT CASE\r\n    WHEN EXISTS (\r\n        SELECT 1\r\n        FROM [PointsDeductionRules] AS [p]) THEN CAST(1 AS bit)\r\n    ELSE CAST(0 AS bit)\r\nEND","EventId":{"Id":20101,"Name":"Microsoft.EntityFrameworkCore.Database.Command.CommandExecuted"},"SourceContext":"Microsoft.EntityFrameworkCore.Database.Command"}
{"@t":"2026-04-05T16:29:56.1392900Z","@mt":"Now listening on: {address}","address":"http://localhost:5005","EventId":{"Id":14,"Name":"ListeningOnAddress"},"SourceContext":"Microsoft.Hosting.Lifetime"}
{"@t":"2026-04-05T16:29:56.2943907Z","@mt":"Application started. Press Ctrl+C to shut down.","SourceContext":"Microsoft.Hosting.Lifetime"}
{"@t":"2026-04-05T16:29:56.2949950Z","@mt":"Hosting environment: {EnvName}","EnvName":"Development","SourceContext":"Microsoft.Hosting.Lifetime"}
{"@t":"2026-04-05T16:29:56.2971368Z","@mt":"Content root path: {ContentRoot}","ContentRoot":"C:\\Users\\Karan\\Desktop\\JobPortalSystem\\PaymentService","SourceContext":"Microsoft.Hosting.Lifetime"}
{"@t":"2026-04-05T16:29:56.3955788Z","@mt":"Bus started: {HostAddress}","HostAddress":"rabbitmq://localhost/","SourceContext":"MassTransit"}
